2020-11-03 
11:24 AM
$PROB Simple_2comp, M3 method 
$INPUT ID TIME AMT DV MDV CMT ADDL II SPECIES SEX MULTIPLE DOSE ROUTE FORMULATION TAD BQL LIV
$DATA  ..//Rat_plasma.csv IGNORE=@

$SUBROUTINE ADVAN4 TRANS4

$PK
;---- FIXED EFFECT DEFINITION ---- 
 TVCL = THETA(3)
 TVV2 = THETA(4)
 TVV3 = THETA(5)
 TVQ  = THETA(6)
 TVKA = THETA(7)
 TVF = THETA(8)
;---- RANDOM EFFECT DEFINITION ----

 CL   = TVCL * EXP(ETA(1))
 V2   = TVV2 * EXP(ETA(2))
 V3   = TVV3 * EXP(ETA(3))
 Q    = TVQ  * EXP(ETA(4))
 KA   = TVKA * EXP(ETA(5))
 F1   = TVF * EXP(ETA(6))
 S2 = V2

$ERROR

 IPRED  = A(2)/V2
 W      = SQRT(THETA(1)**2 + THETA(2)**2 * IPRED**2)
 IRES   = DV - IPRED
 IWRES  = IRES / W
 Y      = IPRED + W * EPS(1)

$THETA
 0.0001 FIX
 0.5
 (0, 5)
 (0, 10)
 (0, 10)
 (0, 5)
 (0, 1.5, 20)
 (0, 0.1)
$OMEGA
 0.1
 0 FIX
 0 FIX
 0 FIX
 0 FIX
 0 FIX
$SIGMA
 1 FIX

$ESTIMATION NOABORT MAXEVAL=9999 METHOD=1 NUMERICAL LAPLACIAN SLOW INTER PRINT=10 SIGDIGITS=3  

$TABLE ID TIME AMT DV MDV IPRED CWRES IWRES BQL   ONEHEADER NOPRINT FILE = sdtab001
$TABLE ID CL V2 V3 Q KA F1 DOSE                      ONEHEADER NOPRINT NOAPPEND FILE = patab001
  
NM-TRAN MESSAGES 
  
 WARNINGS AND ERRORS (IF ANY) FOR PROBLEM    1
             
 (WARNING  2) NM-TRAN INFERS THAT THE DATA ARE POPULATION.
  
License Registered to: Seoul St. Mary's Hospital
Expiration Date:    14 JUN 2021
Current Date:        3 NOV 2020
Days until program expires : 226
1NONLINEAR MIXED EFFECTS MODEL PROGRAM (NONMEM) VERSION 7.4.3
 ORIGINALLY DEVELOPED BY STUART BEAL, LEWIS SHEINER, AND ALISON BOECKMANN
 CURRENT DEVELOPERS ARE ROBERT BAUER, ICON DEVELOPMENT SOLUTIONS,
 AND ALISON BOECKMANN. IMPLEMENTATION, EFFICIENCY, AND STANDARDIZATION
 PERFORMED BY NOUS INFOSYSTEMS.

 PROBLEM NO.:         1
 Simple_2comp, M3 method
0DATA CHECKOUT RUN:              NO
 DATA SET LOCATED ON UNIT NO.:    2
 THIS UNIT TO BE REWOUND:        NO
 NO. OF DATA RECS IN DATA SET:      108
 NO. OF DATA ITEMS IN DATA SET:  18
 ID DATA ITEM IS DATA ITEM NO.:   1
 DEP VARIABLE IS DATA ITEM NO.:   4
 MDV DATA ITEM IS DATA ITEM NO.:  5
0INDICES PASSED TO SUBROUTINE PRED:
  18   2   3   0   0   8   6   0   0   0   7
0LABELS FOR DATA ITEMS:
 ID TIME AMT DV MDV CMT ADDL II SPECIES SEX MULTIPLE DOSE ROUTE FORMULATION TAD BQL LIV EVID
0(NONBLANK) LABELS FOR PRED-DEFINED ITEMS:
 CL V2 V3 Q KA F1 IPRED IWRES
0FORMAT FOR DATA:
 (E3.0,E5.0,E6.0,E9.0,7E2.0,E3.0,2E2.0,E5.0,2E2.0,1F2.0)

 TOT. NO. OF OBS RECS:       95
 TOT. NO. OF INDIVIDUALS:       12
0LENGTH OF THETA:   8
0DEFAULT THETA BOUNDARY TEST OMITTED:    NO
0OMEGA HAS BLOCK FORM:
  1
  0  2
  0  0  3
  0  0  0  4
  0  0  0  0  5
  0  0  0  0  0  6
0DEFAULT OMEGA BOUNDARY TEST OMITTED:    NO
0SIGMA HAS SIMPLE DIAGONAL FORM WITH DIMENSION:   1
0DEFAULT SIGMA BOUNDARY TEST OMITTED:    NO
0INITIAL ESTIMATE OF THETA:
 LOWER BOUND    INITIAL EST    UPPER BOUND
  0.1000E-03     0.1000E-03     0.1000E-03
 -0.1000E+07     0.5000E+00     0.1000E+07
  0.0000E+00     0.5000E+01     0.1000E+07
  0.0000E+00     0.1000E+02     0.1000E+07
  0.0000E+00     0.1000E+02     0.1000E+07
  0.0000E+00     0.5000E+01     0.1000E+07
  0.0000E+00     0.1500E+01     0.2000E+02
  0.0000E+00     0.1000E+00     0.1000E+07
0INITIAL ESTIMATE OF OMEGA:
 BLOCK SET NO.   BLOCK                                                                    FIXED
        1                                                                                   NO
                  0.1000E+00
        2                                                                                  YES
                  0.0000E+00
        3                                                                                  YES
                  0.0000E+00
        4                                                                                  YES
                  0.0000E+00
        5                                                                                  YES
                  0.0000E+00
        6                                                                                  YES
                  0.0000E+00
0INITIAL ESTIMATE OF SIGMA:
 0.1000E+01
0SIGMA CONSTRAINED TO BE THIS INITIAL ESTIMATE
0TABLES STEP OMITTED:    NO
 NO. OF TABLES:           2
 SEED NUMBER (SEED):    11456
 RANMETHOD:             3U
 MC SAMPLES (ESAMPLE):    300
 WRES SQUARE ROOT TYPE (WRESCHOL): EIGENVALUE
0-- TABLE   1 --
0RECORDS ONLY:    ALL
04 COLUMNS APPENDED:    YES
 PRINTED:                NO
 HEADER:                YES
 FILE TO BE FORWARDED:   NO
 FORMAT:                S1PE11.4
 LFORMAT:
 RFORMAT:
 FIXED_EFFECT_ETAS:
0USER-CHOSEN ITEMS:
 ID TIME AMT DV MDV IPRED CWRES IWRES BQL
0-- TABLE   2 --
0RECORDS ONLY:    ALL
04 COLUMNS APPENDED:    NO
 PRINTED:                NO
 HEADER:                YES
 FILE TO BE FORWARDED:   NO
 FORMAT:                S1PE11.4
 LFORMAT:
 RFORMAT:
 FIXED_EFFECT_ETAS:
0USER-CHOSEN ITEMS:
 ID CL V2 V3 Q KA F1 DOSE
1DOUBLE PRECISION PREDPP VERSION 7.4.3

 TWO COMPARTMENT MODEL WITH FIRST-ORDER ABSORPTION (ADVAN4)
0MAXIMUM NO. OF BASIC PK PARAMETERS:   5
0BASIC PK PARAMETERS (AFTER TRANSLATION):
   BASIC PK PARAMETER NO.  1: ELIMINATION RATE (K)
   BASIC PK PARAMETER NO.  2: CENTRAL-TO-PERIPH. RATE (K23)
   BASIC PK PARAMETER NO.  3: PERIPH.-TO-CENTRAL RATE (K32)
   BASIC PK PARAMETER NO.  5: ABSORPTION RATE (KA)
 TRANSLATOR WILL CONVERT PARAMETERS
 CL, V2, Q, V3 TO K, K23, K32 (TRANS4)
0COMPARTMENT ATTRIBUTES
 COMPT. NO.   FUNCTION   INITIAL    ON/OFF      DOSE      DEFAULT    DEFAULT
                         STATUS     ALLOWED    ALLOWED    FOR DOSE   FOR OBS.
    1         DEPOT        OFF        YES        YES        YES        NO
    2         CENTRAL      ON         NO         YES        NO         YES
    3         PERIPH.      ON         NO         YES        NO         NO
    4         OUTPUT       OFF        YES        NO         NO         NO
1
 ADDITIONAL PK PARAMETERS - ASSIGNMENT OF ROWS IN GG
 COMPT. NO.                             INDICES
              SCALE      BIOAVAIL.   ZERO-ORDER  ZERO-ORDER  ABSORB
                         FRACTION    RATE        DURATION    LAG
    1            *           6           *           *           *
    2            7           *           *           *           *
    3            *           *           *           *           *
    4            *           -           -           -           -
             - PARAMETER IS NOT ALLOWED FOR THIS MODEL
             * PARAMETER IS NOT SUPPLIED BY PK SUBROUTINE;
               WILL DEFAULT TO ONE IF APPLICABLE
0DATA ITEM INDICES USED BY PRED ARE:
   EVENT ID DATA ITEM IS DATA ITEM NO.:     18
   TIME DATA ITEM IS DATA ITEM NO.:          2
   DOSE AMOUNT DATA ITEM IS DATA ITEM NO.:   3
   INTERVAL DATA ITEM IS DATA ITEM NO.:      8
   ADDL. DOSES DATA ITEM IS DATA ITEM NO.:   7
   COMPT. NO. DATA ITEM IS DATA ITEM NO.:    6

0PK SUBROUTINE CALLED WITH EVERY EVENT RECORD.
 PK SUBROUTINE NOT CALLED AT NONEVENT (ADDITIONAL OR LAGGED) DOSE TIMES.
0ERROR SUBROUTINE CALLED WITH EVERY EVENT RECORD.
0ERROR SUBROUTINE INDICATES THAT DERIVATIVES OF COMPARTMENT AMOUNTS ARE USED.
1


 #TBLN:      1
 #METH: Laplacian Conditional Estimation with Interaction

 ESTIMATION STEP OMITTED:                 NO
 ANALYSIS TYPE:                           POPULATION
 NUMBER OF SADDLE POINT RESET ITERATIONS:      0
 GRADIENT METHOD USED:               SLOW
 CONDITIONAL ESTIMATES USED:              YES
 CENTERED ETA:                            NO
 EPS-ETA INTERACTION:                     YES
 LAPLACIAN OBJ. FUNC.:                    YES
 NUMERICAL 2ND DERIVATIVES:               YES
 NO. OF FUNCT. EVALS. ALLOWED:            9999
 NO. OF SIG. FIGURES REQUIRED:            3
 INTERMEDIATE PRINTOUT:                   YES
 ESTIMATE OUTPUT TO MSF:                  NO
 ABORT WITH PRED EXIT CODE 1:             NO
 IND. OBJ. FUNC. VALUES SORTED:           NO
 NUMERICAL DERIVATIVE
       FILE REQUEST (NUMDER):               NONE
 MAP (ETAHAT) ESTIMATION METHOD (OPTMAP):   0
 ETA HESSIAN EVALUATION METHOD (ETADER):    0
 INITIAL ETA FOR MAP ESTIMATION (MCETA):    0
 SIGDIGITS FOR MAP ESTIMATION (SIGLO):      100
 GRADIENT SIGDIGITS OF
       FIXED EFFECTS PARAMETERS (SIGL):     100
 NOPRIOR SETTING (NOPRIOR):                 OFF
 NOCOV SETTING (NOCOV):                     OFF
 DERCONT SETTING (DERCONT):                 OFF
 FINAL ETA RE-EVALUATION (FNLETA):          ON
 EXCLUDE NON-INFLUENTIAL (NON-INFL.) ETAS
       IN SHRINKAGE (ETASTYPE):             NO
 NON-INFL. ETA CORRECTION (NONINFETA):      OFF
 RAW OUTPUT FILE (FILE): 2.ext
 EXCLUDE TITLE (NOTITLE):                   NO
 EXCLUDE COLUMN LABELS (NOLABEL):           NO
 FORMAT FOR ADDITIONAL FILES (FORMAT):      S1PE12.5
 PARAMETER ORDER FOR OUTPUTS (ORDER):       TSOL
 WISHART PRIOR DF INTERPRETATION (WISHTYPE):0
 KNUTHSUMOFF:                               0
 INCLUDE LNTWOPI:                           NO
 INCLUDE CONSTANT TERM TO PRIOR (PRIORC):   NO
 INCLUDE CONSTANT TERM TO OMEGA (ETA) (OLNTWOPI):NO
 ADDITIONAL CONVERGENCE TEST (CTYPE=4)?:    NO
 EM OR BAYESIAN METHOD USED:                 NONE


 THE FOLLOWING LABELS ARE EQUIVALENT
 PRED=PREDI
 RES=RESI
 WRES=WRESI
 IWRS=IWRESI
 IPRD=IPREDI
 IRS=IRESI

 MONITORING OF SEARCH:


0ITERATION NO.:    0    OBJECTIVE VALUE:   155452375.910098        NO. OF FUNC. EVALS.:   9
 CUMULATIVE NO. OF FUNC. EVALS.:        9
 NPARAMETR:  5.0000E-01  5.0000E+00  1.0000E+01  1.0000E+01  5.0000E+00  1.5000E+00  1.0000E-01  1.0000E-01
 PARAMETER:  1.0000E-01  1.0000E-01  1.0000E-01  1.0000E-01  1.0000E-01  1.0000E-01  1.0000E-01  1.0000E-01
 GRADIENT:  -1.4240E+04 -9.2935E+01  1.0512E+03 -7.4506E+00  1.5071E+02  2.8836E+01  1.7349E+02 -1.3962E+02

0ITERATION NO.:   10    OBJECTIVE VALUE:   155451401.770838        NO. OF FUNC. EVALS.: 107
 CUMULATIVE NO. OF FUNC. EVALS.:      116
 NPARAMETR:  7.9402E-01  3.7372E+00  4.9002E-01  9.6701E+02  2.8197E+00  1.6837E-01  8.0172E-03  2.5752E+01
 PARAMETER:  1.5880E-01 -1.9110E-01 -2.9159E+00  4.6716E+00 -4.7280E-01 -2.1565E+00 -2.4236E+00  2.8755E+00
 GRADIENT:   1.7947E+02  2.4837E+00 -2.3731E+01  1.0240E+01  3.0948E+01 -2.5377E+01 -4.5412E+00  1.1962E+01

0ITERATION NO.:   20    OBJECTIVE VALUE:   155451357.079041        NO. OF FUNC. EVALS.: 105
 CUMULATIVE NO. OF FUNC. EVALS.:      221
 NPARAMETR:  5.5727E-01  2.2038E+00  5.6055E-01  5.8720E+02  1.4637E+00  2.0678E-01  8.8960E-03  3.7558E-01
 PARAMETER:  1.1145E-01 -7.1927E-01 -2.7814E+00  4.1728E+00 -1.1285E+00 -1.9491E+00 -2.3196E+00  7.6166E-01
 GRADIENT:   1.5957E+01 -1.9404E+00 -1.8381E+00  1.0336E+00  2.2482E+00  4.5258E-03 -2.0716E+00 -2.2366E+00

0ITERATION NO.:   30    OBJECTIVE VALUE:   155451355.019084        NO. OF FUNC. EVALS.: 105
 CUMULATIVE NO. OF FUNC. EVALS.:      326
 NPARAMETR:  5.4555E-01  4.4545E+00  6.8508E-01  9.4517E+01  6.8015E-01  1.9810E-01  1.2871E-02  2.5064E-01
 PARAMETER:  1.0911E-01 -1.5512E-02 -2.5808E+00  2.3462E+00 -1.8949E+00 -1.9925E+00 -1.9502E+00  5.5941E-01
 GRADIENT:   2.8442E+00 -1.5846E+00  7.9781E-01 -4.9899E-01  1.6258E+00 -3.5586E+00  7.6518E-01 -4.4590E-02

0ITERATION NO.:   40    OBJECTIVE VALUE:   155451330.580948        NO. OF FUNC. EVALS.: 106
 CUMULATIVE NO. OF FUNC. EVALS.:      432
 NPARAMETR:  4.9971E-01  4.8177E+00  5.7627E-01  1.0000E-01  5.0000E-02  1.9958E-01  1.1455E-02  1.4603E-01
 PARAMETER:  9.9942E-02  6.2859E-02 -2.7538E+00 -4.6932E+00 -5.8389E+00 -1.9850E+00 -2.0668E+00  2.8932E-01
 GRADIENT:   7.5579E-01  3.8218E+00  4.1877E-01  0.0000E+00  0.0000E+00 -2.6558E+00 -3.3650E+00 -9.3603E-01

0ITERATION NO.:   50    OBJECTIVE VALUE:   155451330.500382        NO. OF FUNC. EVALS.: 152
 CUMULATIVE NO. OF FUNC. EVALS.:      584
 NPARAMETR:  4.9562E-01  4.8195E+00  5.7800E-01  1.0000E-01  5.0000E-02  1.9958E-01  1.1866E-02  1.5971E-01
 PARAMETER:  9.9124E-02  6.3236E-02 -2.7508E+00 -4.7078E+00 -5.8862E+00 -1.9850E+00 -2.0315E+00  3.3411E-01
 GRADIENT:   4.3020E-01  1.4544E-01 -1.6517E-02  0.0000E+00  0.0000E+00 -9.7096E-02 -3.0690E-02 -3.1488E-02

0ITERATION NO.:   55    OBJECTIVE VALUE:   155451330.500373        NO. OF FUNC. EVALS.:  78
 CUMULATIVE NO. OF FUNC. EVALS.:      662
 NPARAMETR:  4.9553E-01  4.8192E+00  5.7791E-01  1.0000E-01  5.0000E-02  1.9966E-01  1.1874E-02  1.6004E-01
 PARAMETER:  9.9089E-02  6.3151E-02 -2.7505E+00 -4.7078E+00 -5.8862E+00 -1.9847E+00 -2.0314E+00  3.3480E-01
 GRADIENT:  -1.9610E-01 -1.3709E-02  2.7922E-02  0.0000E+00  0.0000E+00 -2.9461E-02 -4.2047E-02 -5.5456E-02

 #TERM:
0MINIMIZATION TERMINATED
 DUE TO ROUNDING ERRORS (ERROR=134)
 NO. OF FUNCTION EVALUATIONS USED:      662
 NO. OF SIG. DIGITS UNREPORTABLE
0PARAMETER ESTIMATE IS NEAR ITS BOUNDARY

 ETABAR IS THE ARITHMETIC MEAN OF THE ETA-ESTIMATES,
 AND THE P-VALUE IS GIVEN FOR THE NULL HYPOTHESIS THAT THE TRUE MEAN IS 0.

 ETABAR:         2.4313E-02  0.0000E+00  0.0000E+00  0.0000E+00  0.0000E+00  0.0000E+00
 SE:             1.1073E-01  0.0000E+00  0.0000E+00  0.0000E+00  0.0000E+00  0.0000E+00
 N:                      12          12          12          12          12          12

 P VAL.:         8.2620E-01  1.0000E+00  1.0000E+00  1.0000E+00  1.0000E+00  1.0000E+00

 ETASHRINKSD(%)  1.0000E-10  1.0000E+02  1.0000E+02  1.0000E+02  1.0000E+02  1.0000E+02
 ETASHRINKVR(%)  1.0000E-10  1.0000E+02  1.0000E+02  1.0000E+02  1.0000E+02  1.0000E+02
 EBVSHRINKSD(%)  5.6101E+00  0.0000E+00  0.0000E+00  0.0000E+00  0.0000E+00  0.0000E+00
 EBVSHRINKVR(%)  1.0905E+01  0.0000E+00  0.0000E+00  0.0000E+00  0.0000E+00  0.0000E+00
 EPSSHRINKSD(%)  1.0000E-10
 EPSSHRINKVR(%)  1.0000E-10

  
 TOTAL DATA POINTS NORMALLY DISTRIBUTED (N):           95
 N*LOG(2PI) CONSTANT TO OBJECTIVE FUNCTION:    174.59832130888782     
 OBJECTIVE FUNCTION VALUE WITHOUT CONSTANT:    155451330.50037339     
 OBJECTIVE FUNCTION VALUE WITH CONSTANT:       155451505.09869471     
 REPORTED OBJECTIVE FUNCTION DOES NOT CONTAIN CONSTANT
  
 TOTAL EFFECTIVE ETAS (NIND*NETA):                            12
  
 #TERE:
 Elapsed estimation  time in seconds:     1.02
 Elapsed postprocess time in seconds:     0.01
1
 
 
 
 
 
 
 
 
 
 
 
 
 
 
 
 
 
 
 
 
 ************************************************************************************************************************
 ********************                                                                                ********************
 ********************                LAPLACIAN CONDITIONAL ESTIMATION WITH INTERACTION               ********************
 #OBJT:**************                       MINIMUM VALUE OF OBJECTIVE FUNCTION                      ********************
 ********************                                                                                ********************
 ************************************************************************************************************************
 





 #OBJV:********************************************155451330.500       **************************************************
1
 ************************************************************************************************************************
 ********************                                                                                ********************
 ********************                LAPLACIAN CONDITIONAL ESTIMATION WITH INTERACTION               ********************
 ********************                             FINAL PARAMETER ESTIMATE                           ********************
 ********************                                                                                ********************
 ************************************************************************************************************************
 


 THETA - VECTOR OF FIXED EFFECTS PARAMETERS   *********


         TH 1      TH 2      TH 3      TH 4      TH 5      TH 6      TH 7      TH 8     
 
         1.00E-04  4.95E-01  4.82E+00  5.78E-01  1.00E-01  5.00E-02  2.00E-01  1.19E-02
 


 OMEGA - COV MATRIX FOR RANDOM EFFECTS - ETAS  ********


         ETA1      ETA2      ETA3      ETA4      ETA5      ETA6     
 
 ETA1
+        1.60E-01
 
 ETA2
+        0.00E+00  0.00E+00
 
 ETA3
+        0.00E+00  0.00E+00  0.00E+00
 
 ETA4
+        0.00E+00  0.00E+00  0.00E+00  0.00E+00
 
 ETA5
+        0.00E+00  0.00E+00  0.00E+00  0.00E+00  0.00E+00
 
 ETA6
+        0.00E+00  0.00E+00  0.00E+00  0.00E+00  0.00E+00  0.00E+00
 


 SIGMA - COV MATRIX FOR RANDOM EFFECTS - EPSILONS  ****


         EPS1     
 
 EPS1
+        1.00E+00
 
1


 OMEGA - CORR MATRIX FOR RANDOM EFFECTS - ETAS  *******


         ETA1      ETA2      ETA3      ETA4      ETA5      ETA6     
 
 ETA1
+        4.00E-01
 
 ETA2
+        0.00E+00  0.00E+00
 
 ETA3
+        0.00E+00  0.00E+00  0.00E+00
 
 ETA4
+        0.00E+00  0.00E+00  0.00E+00  0.00E+00
 
 ETA5
+        0.00E+00  0.00E+00  0.00E+00  0.00E+00  0.00E+00
 
 ETA6
+        0.00E+00  0.00E+00  0.00E+00  0.00E+00  0.00E+00  0.00E+00
 


 SIGMA - CORR MATRIX FOR RANDOM EFFECTS - EPSILONS  ***


         EPS1     
 
 EPS1
+        1.00E+00
 
 Elapsed finaloutput time in seconds:     0.03
 #CPUT: Total CPU Time in Seconds,        1.063
Stop Time: 
2020-11-03 
11:24 AM
