2020-11-25 
11:59 AM
$PROB Simple_2comp, M3 method 
$INPUT ID TIME AMT DV MDV CMT ADDL II SPECIES SEX MULTIPLE DOSE ROUTE FORMULATION TAD BQL LIV RATE TYPE 
$DATA Monkey_plasma_dual_m3.csv IGNORE=@ IGNORE=(FORMULATION.NE.1)
$SUBROUTINE ADVAN4 TRANS4

$PK
;---- FIXED EFFECT DEFINITION ---- 
 TVCL = THETA(3)
 TVV2 = THETA(4)
 TVV3 = THETA(5)
 TVQ  = THETA(6)
 TVKA = THETA(7)
 TVF  = THETA(8)
 TVFA = THETA(9)
 TVD2 = THETA(10)
 TVALAG = THETA(11)
;---- RANDOM EFFECT DEFINITION ----

 CL   = TVCL * EXP(ETA(1))
 V2   = TVV2 * EXP(ETA(2))
 V3   = TVV3 * EXP(ETA(3))
 Q    = TVQ  * EXP(ETA(4))
 KA   = TVKA * EXP(ETA(5))
 FF   = TVF * EXP(ETA(6))
 FA   = TVFA * EXP(ETA(7))
 D2   = TVD2 * EXP(ETA(8))
 ALAGPO = TVALAG * EXP(ETA(9))
 S2 = V2

IF(ROUTE.EQ.1) THEN
 F1 = FF * FA
 F2 = FF * (1 - FA)
 ALAG2 = ALAGPO
ELSE
 F1 = 1
 F2 = 1
 ALAG2 = 0
ENDIF

$ERROR
  LLOQ  = 1.0
  IPRED = F 
  IRES = DV-IPRED
  W = SQRT(THETA(1)**2 + THETA(2)**2 * IPRED**2)
  IWRES = IRES/W
  
  IF(DV .LT. LLOQ) THEN   
    F_FLAG=1 
    Y = PHI((LLOQ-IPRED)/W)
  ELSE
    F_FLAG=0 
    Y = IPRED + W*EPS(1)
  ENDIF

$THETA
 ; Error
 0.0001 FIX
 0.5
 
 ; Distribution
 (0, 4) ; CL(3) 2.16 L/h/kg
 (0, 10) ; V2(4) 3.34 L/kg
 (0, 2) ; V3(5) 0.651 L/kg
 (0, 2) ; Q (6) 0.12 L/h/kg
 
 ; Absorption
 (0, 1) ; KA(7) 0.299 /h
 (0, 0.1)  ; FF(8) 0.0201
 (0, 0.5)  ; FA(9) 0.623
 (0, 5)    ; D2(10)   7.92
 (0, 5)    ; ALAG2(11) 4.00
 
$OMEGA
 0 FIX ; CL(1)
 0.1   ; V2(2)
 0 FIX ; V3(3)
 0 FIX ; Q (4)
 0 FIX ; KA(5)
 0.1   ; FF(6)
 0 FIX ; FA(7)
 0 FIX ; D2(8)
 0 FIX ; ALAG2(9)
$SIGMA
 1 FIX

$ESTIMATION NOABORT MAXEVAL=9999 METHOD=1 NUMERICAL LAPLACIAN SLOW INTER PRINT=10 SIGDIGITS=3 ETASTYPE = 1

$TABLE ID TIME AMT DV MDV IPRED CWRES IWRES BQL ROUTE               ONEHEADER NOPRINT FILE = sdtab2_11.txt
$TABLE ID CL V2 V3 Q KA F1 FF FA D2 ALAG2 DOSE                      ONEHEADER NOPRINT NOAPPEND FILE = patab2_22.txt

  
NM-TRAN MESSAGES 
  
 WARNINGS AND ERRORS (IF ANY) FOR PROBLEM    1
             
 (WARNING  2) NM-TRAN INFERS THAT THE DATA ARE POPULATION.
  
License Registered to: Seoul St. Mary's Hospital
Expiration Date:    14 JUN 2021
Current Date:       25 NOV 2020
Days until program expires : 204
1NONLINEAR MIXED EFFECTS MODEL PROGRAM (NONMEM) VERSION 7.4.3
 ORIGINALLY DEVELOPED BY STUART BEAL, LEWIS SHEINER, AND ALISON BOECKMANN
 CURRENT DEVELOPERS ARE ROBERT BAUER, ICON DEVELOPMENT SOLUTIONS,
 AND ALISON BOECKMANN. IMPLEMENTATION, EFFICIENCY, AND STANDARDIZATION
 PERFORMED BY NOUS INFOSYSTEMS.

 PROBLEM NO.:         1
 Simple_2comp, M3 method
0DATA CHECKOUT RUN:              NO
 DATA SET LOCATED ON UNIT NO.:    2
 THIS UNIT TO BE REWOUND:        NO
 NO. OF DATA RECS IN DATA SET:      157
 NO. OF DATA ITEMS IN DATA SET:  20
 ID DATA ITEM IS DATA ITEM NO.:   1
 DEP VARIABLE IS DATA ITEM NO.:   4
 MDV DATA ITEM IS DATA ITEM NO.:  5
0INDICES PASSED TO SUBROUTINE PRED:
  20   2   3  18   0   8   6   0   0   0   7
0LABELS FOR DATA ITEMS:
 ID TIME AMT DV MDV CMT ADDL II SPECIES SEX MULTIPLE DOSE ROUTE FORMULATION TAD BQL LIV RATE TYPE EVID
0(NONBLANK) LABELS FOR PRED-DEFINED ITEMS:
 CL V2 V3 Q KA FF FA D2 F1 ALAG2 IPRED IWRES
0FORMAT FOR DATA:
 (E3.0,2E7.0,E5.0,7E2.0,E5.0,2E2.0,E7.0,2E2.0,E3.0,E2.0,1F2.0)

 TOT. NO. OF OBS RECS:      134
 TOT. NO. OF INDIVIDUALS:       13
0LENGTH OF THETA:  11
0DEFAULT THETA BOUNDARY TEST OMITTED:    NO
0OMEGA HAS BLOCK FORM:
  1
  0  2
  0  0  3
  0  0  0  4
  0  0  0  0  5
  0  0  0  0  0  6
  0  0  0  0  0  0  7
  0  0  0  0  0  0  0  8
  0  0  0  0  0  0  0  0  9
0DEFAULT OMEGA BOUNDARY TEST OMITTED:    NO
0SIGMA HAS SIMPLE DIAGONAL FORM WITH DIMENSION:   1
0DEFAULT SIGMA BOUNDARY TEST OMITTED:    NO
0INITIAL ESTIMATE OF THETA:
 LOWER BOUND    INITIAL EST    UPPER BOUND
  0.1000E-03     0.1000E-03     0.1000E-03
 -0.1000E+07     0.5000E+00     0.1000E+07
  0.0000E+00     0.4000E+01     0.1000E+07
  0.0000E+00     0.1000E+02     0.1000E+07
  0.0000E+00     0.2000E+01     0.1000E+07
  0.0000E+00     0.2000E+01     0.1000E+07
  0.0000E+00     0.1000E+01     0.1000E+07
  0.0000E+00     0.1000E+00     0.1000E+07
  0.0000E+00     0.5000E+00     0.1000E+07
  0.0000E+00     0.5000E+01     0.1000E+07
  0.0000E+00     0.5000E+01     0.1000E+07
0INITIAL ESTIMATE OF OMEGA:
 BLOCK SET NO.   BLOCK                                                                    FIXED
        1                                                                                  YES
                  0.0000E+00
        2                                                                                   NO
                  0.1000E+00
        3                                                                                  YES
                  0.0000E+00
        4                                                                                  YES
                  0.0000E+00
        5                                                                                  YES
                  0.0000E+00
        6                                                                                   NO
                  0.1000E+00
        7                                                                                  YES
                  0.0000E+00
        8                                                                                  YES
                  0.0000E+00
        9                                                                                  YES
                  0.0000E+00
0INITIAL ESTIMATE OF SIGMA:
 0.1000E+01
0SIGMA CONSTRAINED TO BE THIS INITIAL ESTIMATE
0TABLES STEP OMITTED:    NO
 NO. OF TABLES:           2
 SEED NUMBER (SEED):    11456
 RANMETHOD:             3U
 MC SAMPLES (ESAMPLE):    300
 WRES SQUARE ROOT TYPE (WRESCHOL): EIGENVALUE
0-- TABLE   1 --
0RECORDS ONLY:    ALL
04 COLUMNS APPENDED:    YES
 PRINTED:                NO
 HEADER:                YES
 FILE TO BE FORWARDED:   NO
 FORMAT:                S1PE11.4
 LFORMAT:
 RFORMAT:
 FIXED_EFFECT_ETAS:
0USER-CHOSEN ITEMS:
 ID TIME AMT DV MDV IPRED CWRES IWRES BQL ROUTE
0-- TABLE   2 --
0RECORDS ONLY:    ALL
04 COLUMNS APPENDED:    NO
 PRINTED:                NO
 HEADER:                YES
 FILE TO BE FORWARDED:   NO
 FORMAT:                S1PE11.4
 LFORMAT:
 RFORMAT:
 FIXED_EFFECT_ETAS:
0USER-CHOSEN ITEMS:
 ID CL V2 V3 Q KA F1 FF FA D2 ALAG2 DOSE
1DOUBLE PRECISION PREDPP VERSION 7.4.3

 TWO COMPARTMENT MODEL WITH FIRST-ORDER ABSORPTION (ADVAN4)
0MAXIMUM NO. OF BASIC PK PARAMETERS:   5
0BASIC PK PARAMETERS (AFTER TRANSLATION):
   BASIC PK PARAMETER NO.  1: ELIMINATION RATE (K)
   BASIC PK PARAMETER NO.  2: CENTRAL-TO-PERIPH. RATE (K23)
   BASIC PK PARAMETER NO.  3: PERIPH.-TO-CENTRAL RATE (K32)
   BASIC PK PARAMETER NO.  5: ABSORPTION RATE (KA)
 TRANSLATOR WILL CONVERT PARAMETERS
 CL, V2, Q, V3 TO K, K23, K32 (TRANS4)
0COMPARTMENT ATTRIBUTES
 COMPT. NO.   FUNCTION   INITIAL    ON/OFF      DOSE      DEFAULT    DEFAULT
                         STATUS     ALLOWED    ALLOWED    FOR DOSE   FOR OBS.
    1         DEPOT        OFF        YES        YES        YES        NO
    2         CENTRAL      ON         NO         YES        NO         YES
    3         PERIPH.      ON         NO         YES        NO         NO
    4         OUTPUT       OFF        YES        NO         NO         NO
1
 ADDITIONAL PK PARAMETERS - ASSIGNMENT OF ROWS IN GG
 COMPT. NO.                             INDICES
              SCALE      BIOAVAIL.   ZERO-ORDER  ZERO-ORDER  ABSORB
                         FRACTION    RATE        DURATION    LAG
    1            *           8           *           *           *
    2            7           9           *           6          10
    3            *           *           *           *           *
    4            *           -           -           -           -
             - PARAMETER IS NOT ALLOWED FOR THIS MODEL
             * PARAMETER IS NOT SUPPLIED BY PK SUBROUTINE;
               WILL DEFAULT TO ONE IF APPLICABLE
0DATA ITEM INDICES USED BY PRED ARE:
   EVENT ID DATA ITEM IS DATA ITEM NO.:     20
   TIME DATA ITEM IS DATA ITEM NO.:          2
   DOSE AMOUNT DATA ITEM IS DATA ITEM NO.:   3
   DOSE RATE DATA ITEM IS DATA ITEM NO.:    18
   INTERVAL DATA ITEM IS DATA ITEM NO.:      8
   ADDL. DOSES DATA ITEM IS DATA ITEM NO.:   7
   COMPT. NO. DATA ITEM IS DATA ITEM NO.:    6

0PK SUBROUTINE CALLED WITH EVERY EVENT RECORD.
 PK SUBROUTINE NOT CALLED AT NONEVENT (ADDITIONAL OR LAGGED) DOSE TIMES.
0ERROR SUBROUTINE CALLED WITH EVERY EVENT RECORD.
1


 #TBLN:      1
 #METH: Laplacian Conditional Estimation with Interaction

 ESTIMATION STEP OMITTED:                 NO
 ANALYSIS TYPE:                           POPULATION
 NUMBER OF SADDLE POINT RESET ITERATIONS:      0
 GRADIENT METHOD USED:               SLOW
 CONDITIONAL ESTIMATES USED:              YES
 CENTERED ETA:                            NO
 EPS-ETA INTERACTION:                     YES
 LAPLACIAN OBJ. FUNC.:                    YES
 NUMERICAL 2ND DERIVATIVES:               YES
 NO. OF FUNCT. EVALS. ALLOWED:            9999
 NO. OF SIG. FIGURES REQUIRED:            3
 INTERMEDIATE PRINTOUT:                   YES
 ESTIMATE OUTPUT TO MSF:                  NO
 ABORT WITH PRED EXIT CODE 1:             NO
 IND. OBJ. FUNC. VALUES SORTED:           NO
 NUMERICAL DERIVATIVE
       FILE REQUEST (NUMDER):               NONE
 MAP (ETAHAT) ESTIMATION METHOD (OPTMAP):   0
 ETA HESSIAN EVALUATION METHOD (ETADER):    0
 INITIAL ETA FOR MAP ESTIMATION (MCETA):    0
 SIGDIGITS FOR MAP ESTIMATION (SIGLO):      100
 GRADIENT SIGDIGITS OF
       FIXED EFFECTS PARAMETERS (SIGL):     100
 NOPRIOR SETTING (NOPRIOR):                 OFF
 NOCOV SETTING (NOCOV):                     OFF
 DERCONT SETTING (DERCONT):                 OFF
 FINAL ETA RE-EVALUATION (FNLETA):          ON
 EXCLUDE NON-INFLUENTIAL (NON-INFL.) ETAS
       IN SHRINKAGE (ETASTYPE):             YES
 NON-INFL. ETA CORRECTION (NONINFETA):      OFF
 RAW OUTPUT FILE (FILE): dual_2_11.ext
 EXCLUDE TITLE (NOTITLE):                   NO
 EXCLUDE COLUMN LABELS (NOLABEL):           NO
 FORMAT FOR ADDITIONAL FILES (FORMAT):      S1PE12.5
 PARAMETER ORDER FOR OUTPUTS (ORDER):       TSOL
 WISHART PRIOR DF INTERPRETATION (WISHTYPE):0
 KNUTHSUMOFF:                               0
 INCLUDE LNTWOPI:                           NO
 INCLUDE CONSTANT TERM TO PRIOR (PRIORC):   NO
 INCLUDE CONSTANT TERM TO OMEGA (ETA) (OLNTWOPI):NO
 ADDITIONAL CONVERGENCE TEST (CTYPE=4)?:    NO
 EM OR BAYESIAN METHOD USED:                 NONE


 THE FOLLOWING LABELS ARE EQUIVALENT
 PRED=PREDI
 RES=RESI
 WRES=WRESI
 IWRS=IWRESI
 IPRD=IPREDI
 IRS=IRESI

 MONITORING OF SEARCH:


0ITERATION NO.:    0    OBJECTIVE VALUE:   1056.88292843240        NO. OF FUNC. EVALS.:  13
 CUMULATIVE NO. OF FUNC. EVALS.:       13
 NPARAMETR:  5.0000E-01  4.0000E+00  1.0000E+01  2.0000E+00  2.0000E+00  1.0000E+00  1.0000E-01  5.0000E-01  5.0000E+00  5.0000E+00
             1.0000E-01  1.0000E-01
 PARAMETER:  1.0000E-01  1.0000E-01  1.0000E-01  1.0000E-01  1.0000E-01  1.0000E-01  1.0000E-01  1.0000E-01  1.0000E-01  1.0000E-01
             1.0000E-01  1.0000E-01
 GRADIENT:  -1.1966E+03 -1.8793E+02  1.8832E+01 -3.4243E+01  2.1145E+01  4.3293E+01  2.1281E+02  8.9257E+01  4.4942E+00  1.5754E+01
            -4.4600E+01 -2.3523E+02

0ITERATION NO.:   10    OBJECTIVE VALUE:   816.237517068836        NO. OF FUNC. EVALS.: 147
 CUMULATIVE NO. OF FUNC. EVALS.:      160
 NPARAMETR:  4.7454E-01  4.9112E+00  7.7015E+00  2.6300E+00  3.0336E-01  2.2206E-01  1.8694E-02  7.1382E-01  5.9366E+00  5.4311E+00
             1.5037E-01  1.2698E-01
 PARAMETER:  9.4908E-02  3.0522E-01 -1.6117E-01  3.7383E-01 -1.7860E+00 -1.4048E+00 -1.5770E+00  4.5602E-01  2.7170E-01  1.8270E-01
             3.0396E-01  2.1942E-01
 GRADIENT:  -6.4805E+02 -2.7991E+01  5.4458E+01  1.0011E+01  1.1638E+01 -5.9246E+01 -4.8324E+01 -2.2749E+01 -2.0697E+01  2.6801E+01
            -4.2852E+01 -3.2601E+01

0ITERATION NO.:   20    OBJECTIVE VALUE:   766.548993238698        NO. OF FUNC. EVALS.: 140
 CUMULATIVE NO. OF FUNC. EVALS.:      300
 NPARAMETR:  5.2416E-01  4.6171E+00  4.6697E+00  1.6962E+00  2.2993E-01  3.6730E-01  2.4492E-02  4.6998E-01  7.5010E+00  4.1073E+00
             3.2888E-01  3.7238E-01
 PARAMETER:  1.0483E-01  2.4348E-01 -6.6148E-01 -6.4742E-02 -2.0631E+00 -9.0157E-01 -1.3068E+00  3.8073E-02  5.0560E-01 -9.6667E-02
             6.9526E-01  7.5737E-01
 GRADIENT:   1.0729E+02 -2.2766E+01  5.7151E+00  6.7324E+00 -1.6801E+00 -1.0690E+00  4.0117E+00 -4.9090E+00 -1.1460E+01  4.9493E+00
             2.4428E+00  5.6567E+00

0ITERATION NO.:   30    OBJECTIVE VALUE:   763.530193882768        NO. OF FUNC. EVALS.: 141
 CUMULATIVE NO. OF FUNC. EVALS.:      441
 NPARAMETR:  5.0717E-01  4.7133E+00  4.1400E+00  1.3418E+00  2.4046E-01  3.4877E-01  2.3061E-02  4.8180E-01  7.6705E+00  4.0007E+00
             2.7520E-01  2.4751E-01
 PARAMETER:  1.0143E-01  2.6409E-01 -7.8189E-01 -2.9915E-01 -2.0183E+00 -9.5334E-01 -1.3670E+00  6.2915E-02  5.2795E-01 -1.2298E-01
             6.0617E-01  5.5314E-01
 GRADIENT:  -1.8528E+00 -3.2816E-01  4.6261E-02  2.1605E-02  8.1451E-02 -1.6161E-01  1.4106E-01 -5.5946E-01  1.9192E+00  9.4480E+00
            -6.7540E-02 -1.5671E-01

0ITERATION NO.:   40    OBJECTIVE VALUE:   763.527715401354        NO. OF FUNC. EVALS.: 216
 CUMULATIVE NO. OF FUNC. EVALS.:      657
 NPARAMETR:  5.0779E-01  4.7163E+00  4.1475E+00  1.3422E+00  2.4062E-01  3.4883E-01  2.3025E-02  4.8275E-01  7.6711E+00  4.0003E+00
             2.7649E-01  2.4988E-01
 PARAMETER:  1.0156E-01  2.6472E-01 -7.8009E-01 -2.9887E-01 -2.0177E+00 -9.5317E-01 -1.3686E+00  6.4891E-02  5.2802E-01 -1.2307E-01
             6.0850E-01  5.5790E-01
 GRADIENT:  -2.6064E-01 -1.6883E-01 -8.7195E-03 -1.1883E-02 -5.5953E-02  4.6633E-03  3.3349E-03 -5.7953E-02 -2.2714E-01 -1.5939E+01
            -1.7819E-02 -4.2959E-03

0ITERATION NO.:   46    OBJECTIVE VALUE:   763.527697541135        NO. OF FUNC. EVALS.: 132
 CUMULATIVE NO. OF FUNC. EVALS.:      789
 NPARAMETR:  5.0791E-01  4.7205E+00  4.1520E+00  1.3444E+00  2.4111E-01  3.4873E-01  2.3038E-02  4.8303E-01  7.6721E+00  4.0004E+00
             2.7722E-01  2.4983E-01
 PARAMETER:  1.0158E-01  2.6543E-01 -7.7920E-01 -2.9750E-01 -2.0161E+00 -9.5339E-01 -1.3681E+00  6.5373E-02  5.2813E-01 -1.2305E-01
             6.0968E-01  5.5784E-01
 GRADIENT:  -2.6088E-03 -8.6816E-02 -4.0561E-03 -5.5548E-03 -2.7460E-02  2.2172E-03  2.8340E-03 -1.7237E-02 -3.3863E-02 -3.9637E+00
            -4.0185E-03 -2.2971E-04

 #TERM:
0MINIMIZATION SUCCESSFUL
 HOWEVER, PROBLEMS OCCURRED WITH THE MINIMIZATION.
 REGARD THE RESULTS OF THE ESTIMATION STEP CAREFULLY, AND ACCEPT THEM ONLY
 AFTER CHECKING THAT THE COVARIANCE STEP PRODUCES REASONABLE OUTPUT.
 NO. OF FUNCTION EVALUATIONS USED:      789
 NO. OF SIG. DIGITS IN FINAL EST.:  3.0

 ETABAR IS THE ARITHMETIC MEAN OF THE ETA-ESTIMATES,
 AND THE P-VALUE IS GIVEN FOR THE NULL HYPOTHESIS THAT THE TRUE MEAN IS 0.

 ETABAR:         0.0000E+00  3.1667E-02  0.0000E+00  0.0000E+00  0.0000E+00 -4.3035E-02  0.0000E+00  0.0000E+00  0.0000E+00
 SE:             0.0000E+00  1.3638E-01  0.0000E+00  0.0000E+00  0.0000E+00  1.5277E-01  0.0000E+00  0.0000E+00  0.0000E+00
 N:                      13          13          13          13          13          10          13          13          13

 P VAL.:         1.0000E+00  8.1638E-01  1.0000E+00  1.0000E+00  1.0000E+00  7.7818E-01  1.0000E+00  1.0000E+00  1.0000E+00

 ETASHRINKSD(%)  1.0000E+02  2.7841E+00  1.0000E+02  1.0000E+02  1.0000E+02  1.0000E-10  1.0000E+02  1.0000E+02  1.0000E+02
 ETASHRINKVR(%)  1.0000E+02  5.4907E+00  1.0000E+02  1.0000E+02  1.0000E+02  1.0000E-10  1.0000E+02  1.0000E+02  1.0000E+02
 EBVSHRINKSD(%)  0.0000E+00  1.7420E+01  0.0000E+00  0.0000E+00  0.0000E+00  4.5255E+00  0.0000E+00  0.0000E+00  0.0000E+00
 EBVSHRINKVR(%)  0.0000E+00  3.1805E+01  0.0000E+00  0.0000E+00  0.0000E+00  8.8463E+00  0.0000E+00  0.0000E+00  0.0000E+00
 EPSSHRINKSD(%)  8.9595E+00
 EPSSHRINKVR(%)  1.7116E+01

  
 TOTAL DATA POINTS NORMALLY DISTRIBUTED (N):          108
 N*LOG(2PI) CONSTANT TO OBJECTIVE FUNCTION:    198.49072317220930     
 OBJECTIVE FUNCTION VALUE WITHOUT CONSTANT:    763.52769754113478     
 OBJECTIVE FUNCTION VALUE WITH CONSTANT:       962.01842071334409     
 REPORTED OBJECTIVE FUNCTION DOES NOT CONTAIN CONSTANT
  
 TOTAL EFFECTIVE ETAS (NIND*NETA):                            23
  
 #TERE:
 Elapsed estimation  time in seconds:     3.58
 Elapsed postprocess time in seconds:     0.01
1
 
 
 
 
 
 
 
 
 
 
 
 
 
 
 
 
 
 
 
 
 ************************************************************************************************************************
 ********************                                                                                ********************
 ********************                LAPLACIAN CONDITIONAL ESTIMATION WITH INTERACTION               ********************
 #OBJT:**************                       MINIMUM VALUE OF OBJECTIVE FUNCTION                      ********************
 ********************                                                                                ********************
 ************************************************************************************************************************
 





 #OBJV:********************************************      763.528       **************************************************
1
 ************************************************************************************************************************
 ********************                                                                                ********************
 ********************                LAPLACIAN CONDITIONAL ESTIMATION WITH INTERACTION               ********************
 ********************                             FINAL PARAMETER ESTIMATE                           ********************
 ********************                                                                                ********************
 ************************************************************************************************************************
 


 THETA - VECTOR OF FIXED EFFECTS PARAMETERS   *********


         TH 1      TH 2      TH 3      TH 4      TH 5      TH 6      TH 7      TH 8      TH 9      TH10      TH11     
 
         1.00E-04  5.08E-01  4.72E+00  4.15E+00  1.34E+00  2.41E-01  3.49E-01  2.30E-02  4.83E-01  7.67E+00  4.00E+00
 


 OMEGA - COV MATRIX FOR RANDOM EFFECTS - ETAS  ********


         ETA1      ETA2      ETA3      ETA4      ETA5      ETA6      ETA7      ETA8      ETA9     
 
 ETA1
+        0.00E+00
 
 ETA2
+        0.00E+00  2.77E-01
 
 ETA3
+        0.00E+00  0.00E+00  0.00E+00
 
 ETA4
+        0.00E+00  0.00E+00  0.00E+00  0.00E+00
 
 ETA5
+        0.00E+00  0.00E+00  0.00E+00  0.00E+00  0.00E+00
 
 ETA6
+        0.00E+00  0.00E+00  0.00E+00  0.00E+00  0.00E+00  2.50E-01
 
 ETA7
+        0.00E+00  0.00E+00  0.00E+00  0.00E+00  0.00E+00  0.00E+00  0.00E+00
 
 ETA8
+        0.00E+00  0.00E+00  0.00E+00  0.00E+00  0.00E+00  0.00E+00  0.00E+00  0.00E+00
 
 ETA9
+        0.00E+00  0.00E+00  0.00E+00  0.00E+00  0.00E+00  0.00E+00  0.00E+00  0.00E+00  0.00E+00
 


 SIGMA - COV MATRIX FOR RANDOM EFFECTS - EPSILONS  ****


         EPS1     
 
 EPS1
+        1.00E+00
 
1


 OMEGA - CORR MATRIX FOR RANDOM EFFECTS - ETAS  *******


         ETA1      ETA2      ETA3      ETA4      ETA5      ETA6      ETA7      ETA8      ETA9     
 
 ETA1
+        0.00E+00
 
 ETA2
+        0.00E+00  5.26E-01
 
 ETA3
+        0.00E+00  0.00E+00  0.00E+00
 
 ETA4
+        0.00E+00  0.00E+00  0.00E+00  0.00E+00
 
 ETA5
+        0.00E+00  0.00E+00  0.00E+00  0.00E+00  0.00E+00
 
 ETA6
+        0.00E+00  0.00E+00  0.00E+00  0.00E+00  0.00E+00  5.00E-01
 
 ETA7
+        0.00E+00  0.00E+00  0.00E+00  0.00E+00  0.00E+00  0.00E+00  0.00E+00
 
 ETA8
+        0.00E+00  0.00E+00  0.00E+00  0.00E+00  0.00E+00  0.00E+00  0.00E+00  0.00E+00
 
 ETA9
+        0.00E+00  0.00E+00  0.00E+00  0.00E+00  0.00E+00  0.00E+00  0.00E+00  0.00E+00  0.00E+00
 


 SIGMA - CORR MATRIX FOR RANDOM EFFECTS - EPSILONS  ***


         EPS1     
 
 EPS1
+        1.00E+00
 
 Elapsed finaloutput time in seconds:     0.05
1THERE ARE ERROR MESSAGES IN FILE PRDERR                                                                  
 #CPUT: Total CPU Time in Seconds,        3.609
Stop Time: 
2020-11-25 
12:00 PM
