Mon Nov 16 18:17:37 KST 2020
$PROB Mouse_liver_2comp
$INPUT ID TIME AMT DV MDV CMT ADDL II SPECIES DOSE ROUTE FORMULATION TAD BQL WT LVW
$DATA  ..//Plasma_individual2.csv IGNORE=@

$SUBROUTINE ADVAN6 TOL=3

$MODEL NCOMP=5
 COMP(DEPOT, DEFDOSE)
 COMP(LIV)
 COMP(CENT, DEFOBS)
 COMP(PERI)
 COMP(BILE)

$PK
 ;---- PK FIXED EFFECT ----

 ;Distribution
 TVCL = THETA(5)
 TVV3 = THETA(6)
 TVV4 = THETA(7)
 TVQ  = THETA(8)

 ;Absorption
 TVKA = THETA(9)
 TVF1 = THETA(10)
 TVCLbile = THETA(11)

 ;Scaling parameter
 TVKp = THETA(12)
 FA = THETA(13)

 ;Biliary excretion parameter
 Tbil = THETA(14)
 ;Physiological data
 TVV2 = LVW ; Liver weigth (mL)
 TVCLint = 5135 * WT / 1000 * 60 ; Intrinsic clearance (mL/hr)
 TVQH = 2.62 * 60 ; Hepatic blood flow (mL/hr)

 ;Mouse in vitro data
 BP = 1       ; assumed
 fu = 0.135

;---- PK RANDOM EFFECT ----
 CL   = TVCL * EXP(ETA(1))
 V2   = TVV2 * EXP(ETA(2))
 V3   = TVV3 * EXP(ETA(3))
 V4   = TVV4 * EXP(ETA(4))
 Q    = TVQ  * EXP(ETA(5))
 KA   = TVKA * EXP(ETA(6))
 CLint = TVCLint * EXP(ETA(7))
 F1 = TVF1 * EXP(ETA(8))
 QH = TVQH * EXP(ETA(9))
 Kp = TVKp * EXP(ETA(10))
 CLbile = TVCLbile * EXP(ETA(11))

;---- PK PARAMETER RELATIONSHIP ----
 S2   = V2
 S3   = V3
 K34  = Q/V3
 K43  = Q/V4

 T1 = 1 + Tbil
 T2 = 4 + Tbil
 T3 = 8 + Tbil

 BILE = 0

$DES


 ;IF(TIME.GE.1.AND.TIME.LT.T1) BILE = 1
 IF(TIME.GE.3.AND.TIME.LT.T2) BILE = 1
 IF(TIME.GE.8.AND.TIME.LT.T3) BILE = 1

 DADT(1) = - KA*A(1) + BILE * A(5)/Tbil
 DADT(2) = KA*A(1) - QH*A(2)/V2/Kp - CLint*A(2)/V2*fu + QH*A(3)/V3 - CLbile*A(2)/V2
 DADT(3) = QH*A(2)/V2/Kp - K34*A(3) + K43*A(4) - QH*A(3)/V3
 DADT(4) = K34*A(3) - K43*A(4)
 DADT(5) = CLbile*A(2)/V2 - BILE * A(5)/Tbil

$ERROR
; dose : ng, concentration : ng/mL

 IF (CMT.EQ.2) THEN
 IPRED  = A(2)/V2
 W      = SQRT(THETA(1)**2 + THETA(2)**2 * IPRED**2)
 IRES   = DV - IPRED
 IWRES  = IRES / W
 Y      = IPRED + W * EPS(1)
 ENDIF

 IF (CMT.EQ.3) THEN
 IPRED  = A(3)/V3
 W      = SQRT(THETA(3)**2 + THETA(4)**2 * IPRED**2)
 IRES   = DV - IPRED
 IWRES  = IRES / W
 Y      = IPRED + W * EPS(2)
 ENDIF

$THETA
 ; Error model
 0.0001 FIX
 0.5

 0.0001 FIX
 0.5

 ;Distribution
 0 FIX   ; (5) CL (mL/hr)
 (0, 10)  ; (6) VC (mL)
 (0, 100)  ; (7) VP (mL)
 (0, 50)  ; (8) Q (mL/hr)

 ; Absorption
 (0, 10) ; (9) KA (/h)
 1 FIX ; (10) F1
 (0, 1000) ; (11) TVCLbile

 ; Scaling parameter
 (0, 15) ; (12) Kp
 1 FIX ; (13) FA

 ; Biliary PARAMETER
 0.5 FIX ; (14) Tbil

$OMEGA
 0 FIX
 0 FIX
 0 FIX
 0 FIX
 0 FIX
 0 FIX
 0 FIX
 0 FIX
 0 FIX
 0 FIX
 0 FIX

$SIGMA
 1 FIX
 1 FIX
$ESTIMATION NOABORT MAXEVAL=9999 METHOD=0 PRINT=10 SIGDIGITS=3

$TABLE ID TIME AMT CMT DV MDV IPRED CWRES IWRES  ONEHEADER NOPRINT  FILE = sdtab005

NM-TRAN MESSAGES
  
 WARNINGS AND ERRORS (IF ANY) FOR PROBLEM    1
             
 (WARNING  2) NM-TRAN INFERS THAT THE DATA ARE POPULATION.
             
 (WARNING  3) THERE MAY BE AN ERROR IN THE ABBREVIATED CODE. THE FOLLOWING
 ONE OR MORE RANDOM VARIABLES ARE DEFINED WITH "IF" STATEMENTS THAT DO NOT
 PROVIDE DEFINITIONS FOR BOTH THE "THEN" AND "ELSE" CASES. IF ALL
 CONDITIONS FAIL, THE VALUES OF THESE VARIABLES WILL BE ZERO.
  
   IPRED W IRES IWRES Y


License Registered to: Seoul St. Mary's Hospital
Expiration Date:    14 JUN 2021
Current Date:       16 NOV 2020
Days until program expires : 213
1NONLINEAR MIXED EFFECTS MODEL PROGRAM (NONMEM) VERSION 7.4.3
 ORIGINALLY DEVELOPED BY STUART BEAL, LEWIS SHEINER, AND ALISON BOECKMANN
 CURRENT DEVELOPERS ARE ROBERT BAUER, ICON DEVELOPMENT SOLUTIONS,
 AND ALISON BOECKMANN. IMPLEMENTATION, EFFICIENCY, AND STANDARDIZATION
 PERFORMED BY NOUS INFOSYSTEMS.

 PROBLEM NO.:         1
 Mouse_liver_2comp
0DATA CHECKOUT RUN:              NO
 DATA SET LOCATED ON UNIT NO.:    2
 THIS UNIT TO BE REWOUND:        NO
 NO. OF DATA RECS IN DATA SET:      465
 NO. OF DATA ITEMS IN DATA SET:  17
 ID DATA ITEM IS DATA ITEM NO.:   1
 DEP VARIABLE IS DATA ITEM NO.:   4
 MDV DATA ITEM IS DATA ITEM NO.:  5
0INDICES PASSED TO SUBROUTINE PRED:
  17   2   3   0   0   8   6   0   0   0   7
0LABELS FOR DATA ITEMS:
 ID TIME AMT DV MDV CMT ADDL II SPECIES DOSE ROUTE FORMULATION TAD BQL WT LVW EVID
0(NONBLANK) LABELS FOR PRED-DEFINED ITEMS:
 IPRED IWRES
0FORMAT FOR DATA:
 (E4.0,E6.0,E9.0,E12.0,5E2.0,E3.0,2E2.0,E6.0,E2.0,E6.0,E7.0,1F2.0)

 TOT. NO. OF OBS RECS:      306
 TOT. NO. OF INDIVIDUALS:      156
0LENGTH OF THETA:  14
0DEFAULT THETA BOUNDARY TEST OMITTED:    NO
0OMEGA HAS SIMPLE DIAGONAL FORM WITH DIMENSION:  11
0DEFAULT OMEGA BOUNDARY TEST OMITTED:    NO
0SIGMA HAS SIMPLE DIAGONAL FORM WITH DIMENSION:   2
0DEFAULT SIGMA BOUNDARY TEST OMITTED:    NO
0INITIAL ESTIMATE OF THETA:
 LOWER BOUND    INITIAL EST    UPPER BOUND
  0.1000E-03     0.1000E-03     0.1000E-03
 -0.1000E+07     0.5000E+00     0.1000E+07
  0.1000E-03     0.1000E-03     0.1000E-03
 -0.1000E+07     0.5000E+00     0.1000E+07
  0.0000E+00     0.0000E+00     0.0000E+00
  0.0000E+00     0.1000E+02     0.1000E+07
  0.0000E+00     0.1000E+03     0.1000E+07
  0.0000E+00     0.5000E+02     0.1000E+07
  0.0000E+00     0.1000E+02     0.1000E+07
  0.1000E+01     0.1000E+01     0.1000E+01
  0.0000E+00     0.1000E+04     0.1000E+07
  0.0000E+00     0.1500E+02     0.1000E+07
  0.1000E+01     0.1000E+01     0.1000E+01
  0.5000E+00     0.5000E+00     0.5000E+00
0INITIAL ESTIMATE OF OMEGA:
 0.0000E+00
 0.0000E+00   0.0000E+00
 0.0000E+00   0.0000E+00   0.0000E+00
 0.0000E+00   0.0000E+00   0.0000E+00   0.0000E+00
 0.0000E+00   0.0000E+00   0.0000E+00   0.0000E+00   0.0000E+00
 0.0000E+00   0.0000E+00   0.0000E+00   0.0000E+00   0.0000E+00   0.0000E+00
 0.0000E+00   0.0000E+00   0.0000E+00   0.0000E+00   0.0000E+00   0.0000E+00   0.0000E+00
 0.0000E+00   0.0000E+00   0.0000E+00   0.0000E+00   0.0000E+00   0.0000E+00   0.0000E+00   0.0000E+00
 0.0000E+00   0.0000E+00   0.0000E+00   0.0000E+00   0.0000E+00   0.0000E+00   0.0000E+00   0.0000E+00   0.0000E+00
 0.0000E+00   0.0000E+00   0.0000E+00   0.0000E+00   0.0000E+00   0.0000E+00   0.0000E+00   0.0000E+00   0.0000E+00   0.0000E+00
 0.0000E+00   0.0000E+00   0.0000E+00   0.0000E+00   0.0000E+00   0.0000E+00   0.0000E+00   0.0000E+00   0.0000E+00   0.0000E+00
 0.0000E+00
0OMEGA CONSTRAINED TO BE THIS INITIAL ESTIMATE
0INITIAL ESTIMATE OF SIGMA:
 0.1000E+01
 0.0000E+00   0.1000E+01
0SIGMA CONSTRAINED TO BE THIS INITIAL ESTIMATE
0TABLES STEP OMITTED:    NO
 NO. OF TABLES:           1
 SEED NUMBER (SEED):    11456
 RANMETHOD:             3U
 MC SAMPLES (ESAMPLE):    300
 WRES SQUARE ROOT TYPE (WRESCHOL): EIGENVALUE
0-- TABLE   1 --
0RECORDS ONLY:    ALL
04 COLUMNS APPENDED:    YES
 PRINTED:                NO
 HEADER:                YES
 FILE TO BE FORWARDED:   NO
 FORMAT:                S1PE11.4
 LFORMAT:
 RFORMAT:
 FIXED_EFFECT_ETAS:
0USER-CHOSEN ITEMS:
 ID TIME AMT CMT DV MDV IPRED CWRES IWRES
1DOUBLE PRECISION PREDPP VERSION 7.4.3

 GENERAL NONLINEAR KINETICS MODEL (DVERK1, ADVAN6)
0MODEL SUBROUTINE USER-SUPPLIED - ID NO. 9999
0MAXIMUM NO. OF BASIC PK PARAMETERS:  14
0COMPARTMENT ATTRIBUTES
 COMPT. NO.   FUNCTION   INITIAL    ON/OFF      DOSE      DEFAULT    DEFAULT
                         STATUS     ALLOWED    ALLOWED    FOR DOSE   FOR OBS.
    1         DEPOT        ON         YES        YES        YES        NO
    2         LIV          ON         YES        YES        NO         NO
    3         CENT         ON         YES        YES        NO         YES
    4         PERI         ON         YES        YES        NO         NO
    5         BILE         ON         YES        YES        NO         NO
    6         OUTPUT       OFF        YES        NO         NO         NO
 INITIAL (BASE) TOLERANCE SETTINGS:
 NRD (RELATIVE) VALUE OF TOLERANCE:   3
 ANRD (ABSOLUTE) VALUE OF TOLERANCE:  12
1
 ADDITIONAL PK PARAMETERS - ASSIGNMENT OF ROWS IN GG
 COMPT. NO.                             INDICES
              SCALE      BIOAVAIL.   ZERO-ORDER  ZERO-ORDER  ABSORB
                         FRACTION    RATE        DURATION    LAG
    1            *          15           *           *           *
    2           16           *           *           *           *
    3           17           *           *           *           *
    4            *           *           *           *           *
    5            *           *           *           *           *
    6            *           -           -           -           -
             - PARAMETER IS NOT ALLOWED FOR THIS MODEL
             * PARAMETER IS NOT SUPPLIED BY PK SUBROUTINE;
               WILL DEFAULT TO ONE IF APPLICABLE
0DATA ITEM INDICES USED BY PRED ARE:
   EVENT ID DATA ITEM IS DATA ITEM NO.:     17
   TIME DATA ITEM IS DATA ITEM NO.:          2
   DOSE AMOUNT DATA ITEM IS DATA ITEM NO.:   3
   INTERVAL DATA ITEM IS DATA ITEM NO.:      8
   ADDL. DOSES DATA ITEM IS DATA ITEM NO.:   7
   COMPT. NO. DATA ITEM IS DATA ITEM NO.:    6

0PK SUBROUTINE CALLED WITH EVERY EVENT RECORD.
 PK SUBROUTINE NOT CALLED AT NONEVENT (ADDITIONAL OR LAGGED) DOSE TIMES.
0ERROR SUBROUTINE CALLED WITH EVERY EVENT RECORD.
0ERROR SUBROUTINE INDICATES THAT DERIVATIVES OF COMPARTMENT AMOUNTS ARE USED.
0DES SUBROUTINE USES COMPACT STORAGE MODE.
1


 #TBLN:      1
 #METH: First Order

 ESTIMATION STEP OMITTED:                 NO
 ANALYSIS TYPE:                           POPULATION
 NUMBER OF SADDLE POINT RESET ITERATIONS:      0
 GRADIENT METHOD USED:               NOSLOW
 EPS-ETA INTERACTION:                     NO
 NO. OF FUNCT. EVALS. ALLOWED:            9999
 NO. OF SIG. FIGURES REQUIRED:            3
 INTERMEDIATE PRINTOUT:                   YES
 ESTIMATE OUTPUT TO MSF:                  NO
 ABORT WITH PRED EXIT CODE 1:             NO
 IND. OBJ. FUNC. VALUES SORTED:           NO
 NUMERICAL DERIVATIVE
       FILE REQUEST (NUMDER):               NONE
 MAP (ETAHAT) ESTIMATION METHOD (OPTMAP):   0
 ETA HESSIAN EVALUATION METHOD (ETADER):    0
 INITIAL ETA FOR MAP ESTIMATION (MCETA):    0
 SIGDIGITS FOR MAP ESTIMATION (SIGLO):      100
 GRADIENT SIGDIGITS OF
       FIXED EFFECTS PARAMETERS (SIGL):     100
 NOPRIOR SETTING (NOPRIOR):                 OFF
 NOCOV SETTING (NOCOV):                     OFF
 DERCONT SETTING (DERCONT):                 OFF
 FINAL ETA RE-EVALUATION (FNLETA):          ON
 EXCLUDE NON-INFLUENTIAL (NON-INFL.) ETAS
       IN SHRINKAGE (ETASTYPE):             NO
 NON-INFL. ETA CORRECTION (NONINFETA):      OFF
 RAW OUTPUT FILE (FILE): 10.ext
 EXCLUDE TITLE (NOTITLE):                   NO
 EXCLUDE COLUMN LABELS (NOLABEL):           NO
 FORMAT FOR ADDITIONAL FILES (FORMAT):      S1PE12.5
 PARAMETER ORDER FOR OUTPUTS (ORDER):       TSOL
 WISHART PRIOR DF INTERPRETATION (WISHTYPE):0
 KNUTHSUMOFF:                               0
 INCLUDE LNTWOPI:                           NO
 INCLUDE CONSTANT TERM TO PRIOR (PRIORC):   NO
 INCLUDE CONSTANT TERM TO OMEGA (ETA) (OLNTWOPI):NO
 ADDITIONAL CONVERGENCE TEST (CTYPE=4)?:    NO
 EM OR BAYESIAN METHOD USED:                 NONE

 TOLERANCES FOR ESTIMATION/EVALUATION STEP:
 NRD (RELATIVE) VALUE OF TOLERANCE:   3
 ANRD (ABSOLUTE) VALUE OF TOLERANCE:  12
 TOLERANCES FOR COVARIANCE STEP:
 NRD (RELATIVE) VALUE OF TOLERANCE:   3
 ANRD (ABSOLUTE) VALUE OF TOLERANCE:  12
 TOLERANCES FOR TABLE/SCATTER STEP:
 NRD (RELATIVE) VALUE OF TOLERANCE:   3
 ANRD (ABSOLUTE) VALUE OF TOLERANCE:  12

 THE FOLLOWING LABELS ARE EQUIVALENT
 PRED=NPRED
 RES=NRES
 WRES=NWRES
 IWRS=NIWRES
 IPRD=NIPRED
 IRS=NIRES

 MONITORING OF SEARCH:


0ITERATION NO.:    0    OBJECTIVE VALUE:   309992704767.482        NO. OF FUNC. EVALS.:   9
 CUMULATIVE NO. OF FUNC. EVALS.:        9
 NPARAMETR:  5.0000E-01  5.0000E-01  1.0000E+01  1.0000E+02  5.0000E+01  1.0000E+01  1.0000E+03  1.5000E+01
 PARAMETER:  1.0000E-01  1.0000E-01  1.0000E-01  1.0000E-01  1.0000E-01  1.0000E-01  1.0000E-01  1.0000E-01
 GRADIENT:  -6.1722E+12 -2.0181E+09 -2.4441E+10 -3.0409E+11 -2.2763E+11  9.7231E+10  5.6415E+11  6.1003E+11

0ITERATION NO.:   10    OBJECTIVE VALUE:   48839487.7854994        NO. OF FUNC. EVALS.: 107
 CUMULATIVE NO. OF FUNC. EVALS.:      116
 NPARAMETR:  3.5143E+00 -1.1904E+00  1.0000E-01  8.7896E+01  1.1736E+01  4.5372E+00  1.7476E+03  1.5341E-01
 PARAMETER:  7.0285E-01 -2.3808E-01 -5.9555E+01 -2.9018E-02 -1.3493E+00 -6.9028E-01  6.5826E-01 -4.4827E+00
 GRADIENT:  -1.3848E+08  8.1680E+05  0.0000E+00  6.2023E+07 -1.3241E+08  1.0897E+08  1.0173E+08  7.2598E+07

0ITERATION NO.:   20    OBJECTIVE VALUE:   197080.355966409        NO. OF FUNC. EVALS.: 108
 CUMULATIVE NO. OF FUNC. EVALS.:      224
 NPARAMETR:  4.3739E+00 -1.8611E+00  1.0000E-01  7.5812E+02  1.1848E+02  4.4253E-01  1.0512E+03  6.1477E-01
 PARAMETER:  8.7478E-01 -3.7222E-01 -9.9331E+01  2.1257E+00  9.6268E-01 -3.0178E+00  1.4997E-01 -3.0946E+00
 GRADIENT:  -3.6591E+05  1.8369E+05  0.0000E+00  2.7744E+05 -2.9255E+05 -4.5650E+04  1.8157E+05  6.2693E+04

0ITERATION NO.:   30    OBJECTIVE VALUE:   94552.6278416935        NO. OF FUNC. EVALS.: 108
 CUMULATIVE NO. OF FUNC. EVALS.:      332
 NPARAMETR:  7.8090E+00 -2.0317E+00  1.0000E-01  3.4435E+02  5.2310E+01  6.1161E-01  4.5482E+02  1.7482E+00
 PARAMETER:  1.5618E+00 -4.0633E-01 -9.5003E+01  1.3365E+00  1.4517E-01 -2.6942E+00 -6.8786E-01 -2.0494E+00
 GRADIENT:  -6.8695E+04  1.8853E+05  0.0000E+00  9.6811E+04 -1.3970E+05 -2.9872E+04  4.8555E+04  6.5754E+04

0ITERATION NO.:   40    OBJECTIVE VALUE:   19587.6880690749        NO. OF FUNC. EVALS.: 111
 CUMULATIVE NO. OF FUNC. EVALS.:      443
 NPARAMETR:  1.9355E+01 -1.0416E+01  1.0000E-01  1.2234E+03  1.2804E+02  6.9129E-01  3.9669E+02  3.4750E+00
 PARAMETER:  3.8709E+00 -2.0832E+00 -1.6813E+02  2.6042E+00  1.0403E+00 -2.5718E+00 -8.2459E-01 -1.3624E+00
 GRADIENT:  -5.1037E+03  6.1894E+03  0.0000E+00  1.5768E+04 -1.2113E+04  1.8853E+03  8.2669E+03  1.2845E+04

0ITERATION NO.:   50    OBJECTIVE VALUE:   16045.1354763956        NO. OF FUNC. EVALS.: 101
 CUMULATIVE NO. OF FUNC. EVALS.:      544
 NPARAMETR:  2.8808E+01 -1.6946E+01  1.0000E-01  2.0125E+03  1.2723E+02  6.9977E-01  3.2489E+02  4.1803E+00
 PARAMETER:  5.7616E+00 -3.3892E+00 -2.2707E+02  3.1019E+00  1.0340E+00 -2.5596E+00 -1.0243E+00 -1.1777E+00
 GRADIENT:  -3.2732E+03  1.9026E+03  0.0000E+00  1.7089E+04 -1.6292E+04  1.8424E+03  5.4280E+03  6.0937E+03

0ITERATION NO.:   60    OBJECTIVE VALUE:   5174.26065373260        NO. OF FUNC. EVALS.: 115
 CUMULATIVE NO. OF FUNC. EVALS.:      659
 NPARAMETR:  3.0924E+01 -1.9676E+01  1.0000E-01  3.1387E+02  8.1315E+01  1.6411E-01  6.8882E+02  2.7423E-01
 PARAMETER:  6.1848E+00 -3.9352E+00 -2.4592E+02  1.2438E+00  5.8630E-01 -4.0098E+00 -2.7278E-01 -3.9019E+00
 GRADIENT:  -3.9605E+02  9.6298E+00  0.0000E+00  1.4682E+03 -1.8032E+03 -7.1827E+02  1.0363E+03  3.3525E+02

0ITERATION NO.:   70    OBJECTIVE VALUE:   4226.10871988368        NO. OF FUNC. EVALS.: 101
 CUMULATIVE NO. OF FUNC. EVALS.:      760
 NPARAMETR:  8.4701E+01 -5.3465E+01  1.0000E-01  8.1274E+01  3.4983E+01  1.0000E-01  1.0698E+02  5.3982E-01
 PARAMETER:  1.6940E+01 -1.0693E+01 -5.2145E+02 -1.0735E-01 -2.5717E-01 -5.1882E+00 -2.1351E+00 -3.2246E+00
 GRADIENT:  -1.4469E+01 -2.3161E+01  0.0000E+00 -1.5014E+01 -8.3885E+00  0.0000E+00  2.2307E+01  1.7195E+01

0ITERATION NO.:   80    OBJECTIVE VALUE:   4225.47129075480        NO. OF FUNC. EVALS.: 153
 CUMULATIVE NO. OF FUNC. EVALS.:      913
 NPARAMETR:  8.8233E+01 -5.5703E+01  1.0000E-01  7.8966E+01  3.3042E+01  1.0000E-01  9.3602E+01  5.6111E-01
 PARAMETER:  1.7647E+01 -1.1141E+01 -5.4146E+02 -1.3615E-01 -3.1423E-01 -5.3379E+00 -2.2687E+00 -3.1859E+00
 GRADIENT:  -1.3370E+01 -2.3073E+01  0.0000E+00  2.0719E+00 -2.2304E+01  0.0000E+00  1.8337E+01  8.0229E+00

0ITERATION NO.:   90    OBJECTIVE VALUE:   3757.29173339676        NO. OF FUNC. EVALS.: 105
 CUMULATIVE NO. OF FUNC. EVALS.:     1018
 NPARAMETR:  1.7407E+02  9.4461E+00  1.0000E-01  3.8403E+01  1.3559E+01  1.0000E-01  1.0000E+01  1.5000E-01
 PARAMETER:  3.4813E+01  1.8892E+00 -5.4146E+02 -8.5703E-01 -1.2050E+00 -5.3379E+00 -4.7298E+00 -4.8250E+00
 GRADIENT:  -1.8351E+00 -1.1935E+01  0.0000E+00 -1.0962E+02  6.4651E+01  0.0000E+00  0.0000E+00  0.0000E+00

0ITERATION NO.:  100    OBJECTIVE VALUE:   3743.52238862698        NO. OF FUNC. EVALS.: 109
 CUMULATIVE NO. OF FUNC. EVALS.:     1127
 NPARAMETR:  2.7464E+02  9.8651E+00  1.0000E-01  3.6154E+01  1.2078E+01  1.0000E-01  1.0000E+01  1.5000E-01
 PARAMETER:  5.4928E+01  1.9730E+00 -5.4146E+02 -9.1739E-01 -1.3206E+00 -5.3379E+00 -5.5091E+00 -4.9903E+00
 GRADIENT:   1.6289E-03  2.8027E-01  0.0000E+00  2.4990E-02  7.8673E-02  0.0000E+00  0.0000E+00  0.0000E+00

 #TERM:
0MINIMIZATION SUCCESSFUL
 NO. OF FUNCTION EVALUATIONS USED:     1127
 NO. OF SIG. DIGITS IN FINAL EST.:  3.0
0PARAMETER ESTIMATE IS NEAR ITS BOUNDARY
 THIS MUST BE ADDRESSED BEFORE THE COVARIANCE STEP CAN BE IMPLEMENTED
  
 TOTAL DATA POINTS NORMALLY DISTRIBUTED (N):          306
 N*LOG(2PI) CONSTANT TO OBJECTIVE FUNCTION:    562.39038232125972     
 OBJECTIVE FUNCTION VALUE WITHOUT CONSTANT:    3743.5223886269805     
 OBJECTIVE FUNCTION VALUE WITH CONSTANT:       4305.9127709482400     
 REPORTED OBJECTIVE FUNCTION DOES NOT CONTAIN CONSTANT
  
 TOTAL EFFECTIVE ETAS (NIND*NETA):                             0
  
 #TERE:
 Elapsed estimation  time in seconds:   660.33
 Elapsed postprocess time in seconds:     2.52
1
 
 
 
 
 
 
 
 
 
 
 
 
 
 
 
 
 
 
 
 
 ************************************************************************************************************************
 ********************                                                                                ********************
 ********************                                   FIRST ORDER                                  ********************
 #OBJT:**************                       MINIMUM VALUE OF OBJECTIVE FUNCTION                      ********************
 ********************                                                                                ********************
 ************************************************************************************************************************
 





 #OBJV:********************************************     3743.522       **************************************************
1
 ************************************************************************************************************************
 ********************                                                                                ********************
 ********************                                   FIRST ORDER                                  ********************
 ********************                             FINAL PARAMETER ESTIMATE                           ********************
 ********************                                                                                ********************
 ************************************************************************************************************************
 


 THETA - VECTOR OF FIXED EFFECTS PARAMETERS   *********


         TH 1      TH 2      TH 3      TH 4      TH 5      TH 6      TH 7      TH 8      TH 9      TH10      TH11      TH12     
          TH13      TH14     
 
         1.00E-04  2.75E+02  1.00E-04  9.87E+00  0.00E+00  1.00E-01  3.62E+01  1.21E+01  1.00E-01  1.00E+00  1.00E+01  1.50E-01
          1.00E+00  5.00E-01
 


 OMEGA - COV MATRIX FOR RANDOM EFFECTS - ETAS  ********


         ETA1      ETA2      ETA3      ETA4      ETA5      ETA6      ETA7      ETA8      ETA9      ET10      ET11     
 
 ETA1
+        0.00E+00
 
 ETA2
+        0.00E+00  0.00E+00
 
 ETA3
+        0.00E+00  0.00E+00  0.00E+00
 
 ETA4
+        0.00E+00  0.00E+00  0.00E+00  0.00E+00
 
 ETA5
+        0.00E+00  0.00E+00  0.00E+00  0.00E+00  0.00E+00
 
 ETA6
+        0.00E+00  0.00E+00  0.00E+00  0.00E+00  0.00E+00  0.00E+00
 
 ETA7
+        0.00E+00  0.00E+00  0.00E+00  0.00E+00  0.00E+00  0.00E+00  0.00E+00
 
 ETA8
+        0.00E+00  0.00E+00  0.00E+00  0.00E+00  0.00E+00  0.00E+00  0.00E+00  0.00E+00
 
 ETA9
+        0.00E+00  0.00E+00  0.00E+00  0.00E+00  0.00E+00  0.00E+00  0.00E+00  0.00E+00  0.00E+00
 
 ET10
+        0.00E+00  0.00E+00  0.00E+00  0.00E+00  0.00E+00  0.00E+00  0.00E+00  0.00E+00  0.00E+00  0.00E+00
 
 ET11
+        0.00E+00  0.00E+00  0.00E+00  0.00E+00  0.00E+00  0.00E+00  0.00E+00  0.00E+00  0.00E+00  0.00E+00  0.00E+00
 


 SIGMA - COV MATRIX FOR RANDOM EFFECTS - EPSILONS  ****


         EPS1      EPS2     
 
 EPS1
+        1.00E+00
 
 EPS2
+        0.00E+00  1.00E+00
 
1


 OMEGA - CORR MATRIX FOR RANDOM EFFECTS - ETAS  *******


         ETA1      ETA2      ETA3      ETA4      ETA5      ETA6      ETA7      ETA8      ETA9      ET10      ET11     
 
 ETA1
+        0.00E+00
 
 ETA2
+        0.00E+00  0.00E+00
 
 ETA3
+        0.00E+00  0.00E+00  0.00E+00
 
 ETA4
+        0.00E+00  0.00E+00  0.00E+00  0.00E+00
 
 ETA5
+        0.00E+00  0.00E+00  0.00E+00  0.00E+00  0.00E+00
 
 ETA6
+        0.00E+00  0.00E+00  0.00E+00  0.00E+00  0.00E+00  0.00E+00
 
 ETA7
+        0.00E+00  0.00E+00  0.00E+00  0.00E+00  0.00E+00  0.00E+00  0.00E+00
 
 ETA8
+        0.00E+00  0.00E+00  0.00E+00  0.00E+00  0.00E+00  0.00E+00  0.00E+00  0.00E+00
 
 ETA9
+        0.00E+00  0.00E+00  0.00E+00  0.00E+00  0.00E+00  0.00E+00  0.00E+00  0.00E+00  0.00E+00
 
 ET10
+        0.00E+00  0.00E+00  0.00E+00  0.00E+00  0.00E+00  0.00E+00  0.00E+00  0.00E+00  0.00E+00  0.00E+00
 
 ET11
+        0.00E+00  0.00E+00  0.00E+00  0.00E+00  0.00E+00  0.00E+00  0.00E+00  0.00E+00  0.00E+00  0.00E+00  0.00E+00
 


 SIGMA - CORR MATRIX FOR RANDOM EFFECTS - EPSILONS  ***


         EPS1      EPS2     
 
 EPS1
+        1.00E+00
 
 EPS2
+        0.00E+00  1.00E+00
 
 Elapsed finaloutput time in seconds:     0.02
 #CPUT: Total CPU Time in Seconds,      657.544
Stop Time:
Mon Nov 16 18:28:44 KST 2020
