2020-10-27 
07:51 PM
$PROB Simple_2comp
$INPUT ID TIME AMT DV MDV CMT ADDL II RATE SPECIES SEX MULTIPLE DOSE ROUTE FORMULATION
$DATA  C:\Users\admin\Documents\GitHub\Autophage\PKTK_dataset_plasma_zero.csv IGNORE=@ IGNORE=(SPECIES.NE.1)

$SUBROUTINE ADVAN3 TRANS4

$PK
;---- FIXED EFFECT DEFINITION ---- 
 TVCL = THETA(3)
 TVV1 = THETA(4)
 TVV2 = THETA(5)
 TVQ  = THETA(6)
 TVD1 = THETA(7)
 
;---- RANDOM EFFECT DEFINITION ----

 CL   = TVCL * EXP(ETA(1))
 V1   = TVV1 * EXP(ETA(2))
 V2   = TVV2 * EXP(ETA(3))
 Q    = TVQ  * EXP(ETA(4))
 D1   = TVD1 * EXP(ETA(5))
 F1   = THETA(8) - THETA(10) * DOSE / (THETA(9) + DOSE) * EXP(ETA(6))
 S1 = V1

$ERROR
 IPRED  = F
 W      = SQRT(THETA(1)**2 + THETA(2)**2 * IPRED**2)
 IRES   = DV - IPRED
 IWRES  = IRES / W
 Y      = IPRED + W * EPS(1)

$THETA
 0.0001 FIX
 0.5
 (0, 10, 30)
 (0, 30, 100)
 (0, 50, 500)
 (0, 5, 200)
 (0, 0.5)
 
 (0, 1)
 (0, 50)
 (0, 1)
$OMEGA
 0 FIX
 0 FIX
 0 FIX
 0 FIX
 0 FIX
 0 FIX
$SIGMA
 1 FIX

$ESTIMATION NOABORT MAXEVAL=9999 METHOD=1 INTER PRINT=10 SIGDIGITS=3  

$TABLE ID TIME AMT DV MDV IPRED CWRES IWRES  ONEHEADER NOPRINT FILE = sdtab010
$TABLE ID CL V1 V2 Q F1 DOSE                      ONEHEADER NOPRINT NOAPPEND FILE = patab010
  
NM-TRAN MESSAGES 
  
 WARNINGS AND ERRORS (IF ANY) FOR PROBLEM    1
             
 (WARNING  2) NM-TRAN INFERS THAT THE DATA ARE POPULATION.

 LIM VALUES MAXLIM ASSESSED BY NMTRAN: 1,2,3,4,5,6,7,8,10,11,13,15,16        
  
License Registered to: Seoul St. Mary's Hospital
Expiration Date:    14 JUN 2021
Current Date:       27 OCT 2020
Days until program expires : 232
1NONLINEAR MIXED EFFECTS MODEL PROGRAM (NONMEM) VERSION 7.4.3
 ORIGINALLY DEVELOPED BY STUART BEAL, LEWIS SHEINER, AND ALISON BOECKMANN
 CURRENT DEVELOPERS ARE ROBERT BAUER, ICON DEVELOPMENT SOLUTIONS,
 AND ALISON BOECKMANN. IMPLEMENTATION, EFFICIENCY, AND STANDARDIZATION
 PERFORMED BY NOUS INFOSYSTEMS.

 PROBLEM NO.:         1
 Simple_2comp
0DATA CHECKOUT RUN:              NO
 DATA SET LOCATED ON UNIT NO.:    2
 THIS UNIT TO BE REWOUND:        NO
 NO. OF DATA RECS IN DATA SET:      577
 NO. OF DATA ITEMS IN DATA SET:  16
 ID DATA ITEM IS DATA ITEM NO.:   1
 DEP VARIABLE IS DATA ITEM NO.:   4
 MDV DATA ITEM IS DATA ITEM NO.:  5
0INDICES PASSED TO SUBROUTINE PRED:
  16   2   3   9   0   8   6   0   0   0   7
0LABELS FOR DATA ITEMS:
 ID TIME AMT DV MDV CMT ADDL II RATE SPECIES SEX MULTIPLE DOSE ROUTE FORMULATION EVID
0(NONBLANK) LABELS FOR PRED-DEFINED ITEMS:
 CL V1 V2 Q F1 IPRED IWRES
0FORMAT FOR DATA:
 (E3.0,E7.0,E8.0,E9.0,2E2.0,3E3.0,3E2.0,E5.0,2E2.0,1F2.0)

 TOT. NO. OF OBS RECS:      494
 TOT. NO. OF INDIVIDUALS:       78
0LENGTH OF THETA:  10
0DEFAULT THETA BOUNDARY TEST OMITTED:    NO
0OMEGA HAS SIMPLE DIAGONAL FORM WITH DIMENSION:   6
0DEFAULT OMEGA BOUNDARY TEST OMITTED:    NO
0SIGMA HAS SIMPLE DIAGONAL FORM WITH DIMENSION:   1
0DEFAULT SIGMA BOUNDARY TEST OMITTED:    NO
0INITIAL ESTIMATE OF THETA:
 LOWER BOUND    INITIAL EST    UPPER BOUND
  0.1000E-03     0.1000E-03     0.1000E-03
 -0.1000E+07     0.5000E+00     0.1000E+07
  0.0000E+00     0.1000E+02     0.3000E+02
  0.0000E+00     0.3000E+02     0.1000E+03
  0.0000E+00     0.5000E+02     0.5000E+03
  0.0000E+00     0.5000E+01     0.2000E+03
  0.0000E+00     0.5000E+00     0.1000E+07
  0.0000E+00     0.1000E+01     0.1000E+07
  0.0000E+00     0.5000E+02     0.1000E+07
  0.0000E+00     0.1000E+01     0.1000E+07
0INITIAL ESTIMATE OF OMEGA:
 0.0000E+00
 0.0000E+00   0.0000E+00
 0.0000E+00   0.0000E+00   0.0000E+00
 0.0000E+00   0.0000E+00   0.0000E+00   0.0000E+00
 0.0000E+00   0.0000E+00   0.0000E+00   0.0000E+00   0.0000E+00
 0.0000E+00   0.0000E+00   0.0000E+00   0.0000E+00   0.0000E+00   0.0000E+00
0OMEGA CONSTRAINED TO BE THIS INITIAL ESTIMATE
0INITIAL ESTIMATE OF SIGMA:
 0.1000E+01
0SIGMA CONSTRAINED TO BE THIS INITIAL ESTIMATE
0TABLES STEP OMITTED:    NO
 NO. OF TABLES:           2
 SEED NUMBER (SEED):    11456
 RANMETHOD:             3U
 MC SAMPLES (ESAMPLE):    300
 WRES SQUARE ROOT TYPE (WRESCHOL): EIGENVALUE
0-- TABLE   1 --
0RECORDS ONLY:    ALL
04 COLUMNS APPENDED:    YES
 PRINTED:                NO
 HEADER:                YES
 FILE TO BE FORWARDED:   NO
 FORMAT:                S1PE11.4
 LFORMAT:
 RFORMAT:
 FIXED_EFFECT_ETAS:
0USER-CHOSEN ITEMS:
 ID TIME AMT DV MDV IPRED CWRES IWRES
0-- TABLE   2 --
0RECORDS ONLY:    ALL
04 COLUMNS APPENDED:    NO
 PRINTED:                NO
 HEADER:                YES
 FILE TO BE FORWARDED:   NO
 FORMAT:                S1PE11.4
 LFORMAT:
 RFORMAT:
 FIXED_EFFECT_ETAS:
0USER-CHOSEN ITEMS:
 ID CL V1 V2 Q F1 DOSE
1DOUBLE PRECISION PREDPP VERSION 7.4.3

 TWO COMPARTMENT MODEL (ADVAN3)
0MAXIMUM NO. OF BASIC PK PARAMETERS:   4
0BASIC PK PARAMETERS (AFTER TRANSLATION):
   BASIC PK PARAMETER NO.  1: ELIMINATION RATE (K)
   BASIC PK PARAMETER NO.  2: CENTRAL-TO-PERIPH. RATE (K12)
   BASIC PK PARAMETER NO.  3: PERIPH.-TO-CENTRAL RATE (K21)
 TRANSLATOR WILL CONVERT PARAMETERS
 CL, V1, Q, V2 TO K, K12, K21 (TRANS4)
0COMPARTMENT ATTRIBUTES
 COMPT. NO.   FUNCTION   INITIAL    ON/OFF      DOSE      DEFAULT    DEFAULT
                         STATUS     ALLOWED    ALLOWED    FOR DOSE   FOR OBS.
    1         CENTRAL      ON         NO         YES        YES        YES
    2         PERIPH.      ON         NO         YES        NO         NO
    3         OUTPUT       OFF        YES        NO         NO         NO
1
 ADDITIONAL PK PARAMETERS - ASSIGNMENT OF ROWS IN GG
 COMPT. NO.                             INDICES
              SCALE      BIOAVAIL.   ZERO-ORDER  ZERO-ORDER  ABSORB
                         FRACTION    RATE        DURATION    LAG
    1            7           6           *           5           *
    2            *           *           *           *           *
    3            *           -           -           -           -
             - PARAMETER IS NOT ALLOWED FOR THIS MODEL
             * PARAMETER IS NOT SUPPLIED BY PK SUBROUTINE;
               WILL DEFAULT TO ONE IF APPLICABLE
0DATA ITEM INDICES USED BY PRED ARE:
   EVENT ID DATA ITEM IS DATA ITEM NO.:     16
   TIME DATA ITEM IS DATA ITEM NO.:          2
   DOSE AMOUNT DATA ITEM IS DATA ITEM NO.:   3
   DOSE RATE DATA ITEM IS DATA ITEM NO.:     9
   INTERVAL DATA ITEM IS DATA ITEM NO.:      8
   ADDL. DOSES DATA ITEM IS DATA ITEM NO.:   7
   COMPT. NO. DATA ITEM IS DATA ITEM NO.:    6

0PK SUBROUTINE CALLED WITH EVERY EVENT RECORD.
 PK SUBROUTINE NOT CALLED AT NONEVENT (ADDITIONAL OR LAGGED) DOSE TIMES.
0ERROR SUBROUTINE CALLED WITH EVERY EVENT RECORD.

 #PARA: PARAFILE=mpiwini8.pnm, PROTOCOL=MPI, NODES= 4

1


 #TBLN:      1
 #METH: First Order Conditional Estimation with Interaction

 ESTIMATION STEP OMITTED:                 NO
 ANALYSIS TYPE:                           POPULATION
 NUMBER OF SADDLE POINT RESET ITERATIONS:      0
 GRADIENT METHOD USED:               NOSLOW
 CONDITIONAL ESTIMATES USED:              YES
 CENTERED ETA:                            NO
 EPS-ETA INTERACTION:                     YES
 LAPLACIAN OBJ. FUNC.:                    NO
 NO. OF FUNCT. EVALS. ALLOWED:            9999
 NO. OF SIG. FIGURES REQUIRED:            3
 INTERMEDIATE PRINTOUT:                   YES
 ESTIMATE OUTPUT TO MSF:                  NO
 ABORT WITH PRED EXIT CODE 1:             NO
 IND. OBJ. FUNC. VALUES SORTED:           NO
 NUMERICAL DERIVATIVE
       FILE REQUEST (NUMDER):               NONE
 MAP (ETAHAT) ESTIMATION METHOD (OPTMAP):   0
 ETA HESSIAN EVALUATION METHOD (ETADER):    0
 INITIAL ETA FOR MAP ESTIMATION (MCETA):    0
 SIGDIGITS FOR MAP ESTIMATION (SIGLO):      100
 GRADIENT SIGDIGITS OF
       FIXED EFFECTS PARAMETERS (SIGL):     100
 NOPRIOR SETTING (NOPRIOR):                 OFF
 NOCOV SETTING (NOCOV):                     OFF
 DERCONT SETTING (DERCONT):                 OFF
 FINAL ETA RE-EVALUATION (FNLETA):          ON
 EXCLUDE NON-INFLUENTIAL (NON-INFL.) ETAS
       IN SHRINKAGE (ETASTYPE):             NO
 NON-INFL. ETA CORRECTION (NONINFETA):      OFF
 RAW OUTPUT FILE (FILE): 10.ext
 EXCLUDE TITLE (NOTITLE):                   NO
 EXCLUDE COLUMN LABELS (NOLABEL):           NO
 FORMAT FOR ADDITIONAL FILES (FORMAT):      S1PE12.5
 PARAMETER ORDER FOR OUTPUTS (ORDER):       TSOL
 WISHART PRIOR DF INTERPRETATION (WISHTYPE):0
 KNUTHSUMOFF:                               0
 INCLUDE LNTWOPI:                           NO
 INCLUDE CONSTANT TERM TO PRIOR (PRIORC):   NO
 INCLUDE CONSTANT TERM TO OMEGA (ETA) (OLNTWOPI):NO
 ADDITIONAL CONVERGENCE TEST (CTYPE=4)?:    NO
 EM OR BAYESIAN METHOD USED:                 NONE


 THE FOLLOWING LABELS ARE EQUIVALENT
 PRED=PREDI
 RES=RESI
 WRES=WRESI
 IWRS=IWRESI
 IPRD=IPREDI
 IRS=IRESI

 MONITORING OF SEARCH:


0ITERATION NO.:    0    OBJECTIVE VALUE:   9971.34141811421        NO. OF FUNC. EVALS.:  11
 CUMULATIVE NO. OF FUNC. EVALS.:       11
 NPARAMETR:  5.0000E-01  1.0000E+01  3.0000E+01  5.0000E+01  5.0000E+00  5.0000E-01  1.0000E+00  5.0000E+01  1.0000E+00
 PARAMETER:  1.0000E-01  1.0000E-01  1.0000E-01  1.0000E-01  1.0000E-01  1.0000E-01  1.0000E-01  1.0000E-01  1.0000E-01
 GRADIENT:  -1.1299E+05 -5.1296E+02  6.7455E+03 -4.8340E+01  5.6955E+01 -1.2413E+02 -1.7336E+02 -8.0950E+02 -8.7145E+03

0ITERATION NO.:   10    OBJECTIVE VALUE:   4128.20703397794        NO. OF FUNC. EVALS.: 250
 CUMULATIVE NO. OF FUNC. EVALS.:      261
 NPARAMETR:  1.1745E+00  1.2633E+01  1.2095E+01  3.6653E+01  4.1775E+01  1.0841E+01  1.0138E+00  2.1983E+01  1.0146E+00
 PARAMETER:  2.3490E-01  4.7491E-01 -1.0362E+00 -2.3976E-01  2.4318E+00  3.1765E+00  1.1367E-01 -7.2174E-01  1.1446E-01
 GRADIENT:  -5.2945E+03 -8.1003E+01  1.0463E+03 -4.3427E+00  1.5682E+02  5.7486E+02  4.5652E+03 -1.3570E+02 -5.8091E+03

0ITERATION NO.:   20    OBJECTIVE VALUE:   3268.77489602986        NO. OF FUNC. EVALS.: 294
 CUMULATIVE NO. OF FUNC. EVALS.:      555
 NPARAMETR:  1.5364E+00  1.5756E+01  1.7804E+00  8.9802E+00  1.6469E+01  2.1835E+01  9.5939E-01  1.6939E+01  9.5763E-01
 PARAMETER:  3.0729E-01  8.9404E-01 -3.0631E+00 -1.7042E+00  1.3526E+00  3.8767E+00  5.8538E-02 -9.8238E-01  5.6701E-02
 GRADIENT:   1.3172E+02  3.5240E+01  2.5066E+01 -3.9913E+01 -1.3734E+01 -8.1128E+02  2.0684E+03  9.9662E+01 -2.1126E+03

0ITERATION NO.:   30    OBJECTIVE VALUE:   3200.53887088336        NO. OF FUNC. EVALS.: 292
 CUMULATIVE NO. OF FUNC. EVALS.:      847
 NPARAMETR:  1.1890E+00  8.4343E+00  3.6588E-01  5.1505E+00  1.0467E+01  2.2284E+01  8.7570E-01  1.0961E+01  8.7375E-01
 PARAMETER:  2.3780E-01 -1.4565E-01 -4.6597E+00 -2.2679E+00  8.6721E-01  3.8970E+00 -3.2730E-02 -1.4177E+00 -3.4961E-02
 GRADIENT:   3.3937E+02 -4.3467E+01 -3.0945E+01 -2.1205E+00  3.3868E+00 -4.0431E+01  5.2276E+03  1.4884E+02 -5.1376E+03

0ITERATION NO.:   40    OBJECTIVE VALUE:   3152.16256060550        NO. OF FUNC. EVALS.: 294
 CUMULATIVE NO. OF FUNC. EVALS.:     1141
 NPARAMETR:  1.1507E+00  2.5539E+00  3.0000E-01  1.2395E+00  2.1021E+00  2.2620E+01  6.5995E-01  3.3613E+00  6.5885E-01
 PARAMETER:  2.3013E-01 -1.5815E+00 -6.6556E+00 -3.7002E+00 -7.8126E-01  3.9120E+00 -3.1559E-01 -2.5997E+00 -3.1725E-01
 GRADIENT:   1.0559E+01 -1.5326E+00  0.0000E+00 -7.1836E+00  3.6759E-01 -3.5340E+01  2.4029E+03  9.8354E+00 -2.4076E+03

0ITERATION NO.:   48    OBJECTIVE VALUE:   3151.99308656798        NO. OF FUNC. EVALS.: 240
 CUMULATIVE NO. OF FUNC. EVALS.:     1381
 NPARAMETR:  1.1619E+00  2.5466E+00  3.0000E-01  1.2453E+00  2.1182E+00  2.2633E+01  6.5887E-01  3.3334E+00  6.5782E-01
 PARAMETER:  2.3215E-01 -1.5842E+00 -6.6654E+00 -3.6954E+00 -7.7344E-01  3.9125E+00 -3.1723E-01 -2.6079E+00 -3.1883E-01
 GRADIENT:  -8.0826E+00  2.2520E+00  0.0000E+00  4.9934E-01  7.5706E-02 -2.2580E+00 -2.6170E+02  5.5085E-01  2.4385E+02

 #TERM:
0MINIMIZATION TERMINATED
 DUE TO ROUNDING ERRORS (ERROR=134)
 NO. OF FUNCTION EVALUATIONS USED:     1381
 NO. OF SIG. DIGITS UNREPORTABLE
0PARAMETER ESTIMATE IS NEAR ITS BOUNDARY

 ETABAR IS THE ARITHMETIC MEAN OF THE ETA-ESTIMATES,
 AND THE P-VALUE IS GIVEN FOR THE NULL HYPOTHESIS THAT THE TRUE MEAN IS 0.

 ETABAR:         0.0000E+00  0.0000E+00  0.0000E+00  0.0000E+00  0.0000E+00  0.0000E+00
 SE:             0.0000E+00  0.0000E+00  0.0000E+00  0.0000E+00  0.0000E+00  0.0000E+00
 N:                      78          78          78          78          78          78

 P VAL.:         1.0000E+00  1.0000E+00  1.0000E+00  1.0000E+00  1.0000E+00  1.0000E+00

 ETASHRINKSD(%)  1.0000E+02  1.0000E+02  1.0000E+02  1.0000E+02  1.0000E+02  1.0000E+02
 ETASHRINKVR(%)  1.0000E+02  1.0000E+02  1.0000E+02  1.0000E+02  1.0000E+02  1.0000E+02
 EBVSHRINKSD(%)  0.0000E+00  0.0000E+00  0.0000E+00  0.0000E+00  0.0000E+00  0.0000E+00
 EBVSHRINKVR(%)  0.0000E+00  0.0000E+00  0.0000E+00  0.0000E+00  0.0000E+00  0.0000E+00
 EPSSHRINKSD(%)  1.0000E-10
 EPSSHRINKVR(%)  1.0000E-10

  
 TOTAL DATA POINTS NORMALLY DISTRIBUTED (N):          469
 N*LOG(2PI) CONSTANT TO OBJECTIVE FUNCTION:    861.96434414598298     
 OBJECTIVE FUNCTION VALUE WITHOUT CONSTANT:    3151.9930865679767     
 OBJECTIVE FUNCTION VALUE WITH CONSTANT:       4013.9574307139596     
 REPORTED OBJECTIVE FUNCTION DOES NOT CONTAIN CONSTANT
  
 TOTAL EFFECTIVE ETAS (NIND*NETA):                             0
  
 #TERE:
 Elapsed estimation  time in seconds:    10.89
 Elapsed postprocess time in seconds:     0.04
1
 
 
 
 
 
 
 
 
 
 
 
 
 
 
 
 
 
 
 
 
 ************************************************************************************************************************
 ********************                                                                                ********************
 ********************               FIRST ORDER CONDITIONAL ESTIMATION WITH INTERACTION              ********************
 #OBJT:**************                       MINIMUM VALUE OF OBJECTIVE FUNCTION                      ********************
 ********************                                                                                ********************
 ************************************************************************************************************************
 





 #OBJV:********************************************     3151.993       **************************************************
1
 ************************************************************************************************************************
 ********************                                                                                ********************
 ********************               FIRST ORDER CONDITIONAL ESTIMATION WITH INTERACTION              ********************
 ********************                             FINAL PARAMETER ESTIMATE                           ********************
 ********************                                                                                ********************
 ************************************************************************************************************************
 


 THETA - VECTOR OF FIXED EFFECTS PARAMETERS   *********


         TH 1      TH 2      TH 3      TH 4      TH 5      TH 6      TH 7      TH 8      TH 9      TH10     
 
         1.00E-04  1.16E+00  2.55E+00  3.00E-01  1.25E+00  2.12E+00  2.26E+01  6.59E-01  3.33E+00  6.58E-01
 


 OMEGA - COV MATRIX FOR RANDOM EFFECTS - ETAS  ********


         ETA1      ETA2      ETA3      ETA4      ETA5      ETA6     
 
 ETA1
+        0.00E+00
 
 ETA2
+        0.00E+00  0.00E+00
 
 ETA3
+        0.00E+00  0.00E+00  0.00E+00
 
 ETA4
+        0.00E+00  0.00E+00  0.00E+00  0.00E+00
 
 ETA5
+        0.00E+00  0.00E+00  0.00E+00  0.00E+00  0.00E+00
 
 ETA6
+        0.00E+00  0.00E+00  0.00E+00  0.00E+00  0.00E+00  0.00E+00
 


 SIGMA - COV MATRIX FOR RANDOM EFFECTS - EPSILONS  ****


         EPS1     
 
 EPS1
+        1.00E+00
 
1


 OMEGA - CORR MATRIX FOR RANDOM EFFECTS - ETAS  *******


         ETA1      ETA2      ETA3      ETA4      ETA5      ETA6     
 
 ETA1
+        0.00E+00
 
 ETA2
+        0.00E+00  0.00E+00
 
 ETA3
+        0.00E+00  0.00E+00  0.00E+00
 
 ETA4
+        0.00E+00  0.00E+00  0.00E+00  0.00E+00
 
 ETA5
+        0.00E+00  0.00E+00  0.00E+00  0.00E+00  0.00E+00
 
 ETA6
+        0.00E+00  0.00E+00  0.00E+00  0.00E+00  0.00E+00  0.00E+00
 


 SIGMA - CORR MATRIX FOR RANDOM EFFECTS - EPSILONS  ***


         EPS1     
 
 EPS1
+        1.00E+00
 
 Elapsed finaloutput time in seconds:     0.13
1THERE ARE ERROR MESSAGES IN FILE PRDERR                                                                  
 #CPUT: Total CPU Time in Seconds,       43.375
Stop Time: 
2020-10-27 
07:51 PM
