2020-12-02 
오후 02:18
$PROB Mouse_liver_2comp
$INPUT ID TIME AMT DV MDV SKIP ADDL II SPECIES DOSE ROUTE FORMULATION TAD BQL WT LVW CMT RATE
$DATA  ..//Plasma_individual4_only.csv IGNORE=@ 
$SUBROUTINE ADVAN4 TRANS4

$PK
 ;---- PK FIXED EFFECT ----
 ;Distribution
 CL = THETA(3)* EXP(ETA(1))
 V2 = THETA(4)* EXP(ETA(2))
 V3 = THETA(5)* EXP(ETA(3))
 Q  = THETA(6)* EXP(ETA(4))

 F1 = THETA(7)*EXP(ETA(5))
 KA = THETA(8)*EXP(ETA(6))
 
;---- PK PARAMETER RELATIONSHIP ----
 S2   = V2

 
$ERROR

 IPRED  = A(2)/S2
 W      = SQRT(THETA(1)**2 + THETA(2)**2 * IPRED**2)
 IRES   = DV - IPRED
 IWRES  = IRES / W
 Y      = IPRED + W * EPS(1)

$THETA
 ; Error model
 0.0001 FIX
 0.5
 (0, 10) ; (3) CL (mL/hr)
 (0, 100)  ; (4) VC (mL)
 (0, 1000)  ; (5) VP (mL)
 (0, 50)  ; (6) Q (mL/hr)
 (0, 0.5) ; (7) F1
 (0, 1) ; (8) KA(first)

 
$OMEGA
 0 FIX
 0 FIX
 0 FIX
 0 FIX
 0 FIX
 0 FIX
 
$SIGMA
 1 FIX

$ESTIMATION NOABORT MAXEVAL=9999 METHOD=0 PRINT=10 SIGDIGITS=3

$TABLE ID TIME AMT CMT DV MDV IPRED CWRES IWRES ROUTE DOSE ONEHEADER NOPRINT  FILE = sdtab1_1.txt
  
NM-TRAN MESSAGES 
  
 WARNINGS AND ERRORS (IF ANY) FOR PROBLEM    1
             
 (WARNING  2) NM-TRAN INFERS THAT THE DATA ARE POPULATION.
  
License Registered to: Qfitter Inc
Expiration Date:    14 MAY 2021
Current Date:        2 DEC 2020
Days until program expires : 167
1NONLINEAR MIXED EFFECTS MODEL PROGRAM (NONMEM) VERSION 7.4.1
 ORIGINALLY DEVELOPED BY STUART BEAL, LEWIS SHEINER, AND ALISON BOECKMANN
 CURRENT DEVELOPERS ARE ROBERT BAUER, ICON DEVELOPMENT SOLUTIONS,
 AND ALISON BOECKMANN. IMPLEMENTATION, EFFICIENCY, AND STANDARDIZATION
 PERFORMED BY NOUS INFOSYSTEMS.

 PROBLEM NO.:         1
 Mouse_liver_2comp
0DATA CHECKOUT RUN:              NO
 DATA SET LOCATED ON UNIT NO.:    2
 THIS UNIT TO BE REWOUND:        NO
 NO. OF DATA RECS IN DATA SET:      549
 NO. OF DATA ITEMS IN DATA SET:  18
 ID DATA ITEM IS DATA ITEM NO.:   1
 DEP VARIABLE IS DATA ITEM NO.:   4
 MDV DATA ITEM IS DATA ITEM NO.:  5
0INDICES PASSED TO SUBROUTINE PRED:
  18   2   3  17   0   7  16   0   0   0   6
0LABELS FOR DATA ITEMS:
 ID TIME AMT DV MDV ADDL II SPECIES DOSE ROUTE FORMULATION TAD BQL WT LVW CMT RATE EVID
0(NONBLANK) LABELS FOR PRED-DEFINED ITEMS:
 IPRED IWRES
0FORMAT FOR DATA:
 (E4.0,E6.0,E9.0,E8.0,4E2.0,E3.0,2E2.0,E6.0,E2.0,E6.0,E7.0,2E2.0,1F2.0)

 TOT. NO. OF OBS RECS:      344
 TOT. NO. OF INDIVIDUALS:      204
0LENGTH OF THETA:   8
0DEFAULT THETA BOUNDARY TEST OMITTED:    NO
0OMEGA HAS SIMPLE DIAGONAL FORM WITH DIMENSION:   6
0DEFAULT OMEGA BOUNDARY TEST OMITTED:    NO
0SIGMA HAS SIMPLE DIAGONAL FORM WITH DIMENSION:   1
0DEFAULT SIGMA BOUNDARY TEST OMITTED:    NO
0INITIAL ESTIMATE OF THETA:
 LOWER BOUND    INITIAL EST    UPPER BOUND
  0.1000E-03     0.1000E-03     0.1000E-03
 -0.1000E+07     0.5000E+00     0.1000E+07
  0.0000E+00     0.1000E+02     0.1000E+07
  0.0000E+00     0.1000E+03     0.1000E+07
  0.0000E+00     0.1000E+04     0.1000E+07
  0.0000E+00     0.5000E+02     0.1000E+07
  0.0000E+00     0.5000E+00     0.1000E+07
  0.0000E+00     0.1000E+01     0.1000E+07
0INITIAL ESTIMATE OF OMEGA:
 0.0000E+00
 0.0000E+00   0.0000E+00
 0.0000E+00   0.0000E+00   0.0000E+00
 0.0000E+00   0.0000E+00   0.0000E+00   0.0000E+00
 0.0000E+00   0.0000E+00   0.0000E+00   0.0000E+00   0.0000E+00
 0.0000E+00   0.0000E+00   0.0000E+00   0.0000E+00   0.0000E+00   0.0000E+00
0OMEGA CONSTRAINED TO BE THIS INITIAL ESTIMATE
0INITIAL ESTIMATE OF SIGMA:
 0.1000E+01
0SIGMA CONSTRAINED TO BE THIS INITIAL ESTIMATE
0TABLES STEP OMITTED:    NO
 NO. OF TABLES:           1
 SEED NUMBER (SEED):    11456
 RANMETHOD:             3U
 MC SAMPLES (ESAMPLE):    300
 WRES SQUARE ROOT TYPE (WRESCHOL): EIGENVALUE
0-- TABLE   1 --
0RECORDS ONLY:    ALL
04 COLUMNS APPENDED:    YES
 PRINTED:                NO
 HEADER:                YES
 FILE TO BE FORWARDED:   NO
 FORMAT:                S1PE11.4
 LFORMAT:
 RFORMAT:
 FIXED_EFFECT_ETAS:
0USER-CHOSEN ITEMS:
 ID TIME AMT CMT DV MDV IPRED CWRES IWRES ROUTE DOSE
1DOUBLE PRECISION PREDPP VERSION 7.4.1

 TWO COMPARTMENT MODEL WITH FIRST-ORDER ABSORPTION (ADVAN4)
0MAXIMUM NO. OF BASIC PK PARAMETERS:   5
0BASIC PK PARAMETERS (AFTER TRANSLATION):
   BASIC PK PARAMETER NO.  1: ELIMINATION RATE (K)
   BASIC PK PARAMETER NO.  2: CENTRAL-TO-PERIPH. RATE (K23)
   BASIC PK PARAMETER NO.  3: PERIPH.-TO-CENTRAL RATE (K32)
   BASIC PK PARAMETER NO.  5: ABSORPTION RATE (KA)
 TRANSLATOR WILL CONVERT PARAMETERS
 CL, V2, Q, V3 TO K, K23, K32 (TRANS4)
0COMPARTMENT ATTRIBUTES
 COMPT. NO.   FUNCTION   INITIAL    ON/OFF      DOSE      DEFAULT    DEFAULT
                         STATUS     ALLOWED    ALLOWED    FOR DOSE   FOR OBS.
    1         DEPOT        OFF        YES        YES        YES        NO
    2         CENTRAL      ON         NO         YES        NO         YES
    3         PERIPH.      ON         NO         YES        NO         NO
    4         OUTPUT       OFF        YES        NO         NO         NO
1
 ADDITIONAL PK PARAMETERS - ASSIGNMENT OF ROWS IN GG
 COMPT. NO.                             INDICES
              SCALE      BIOAVAIL.   ZERO-ORDER  ZERO-ORDER  ABSORB
                         FRACTION    RATE        DURATION    LAG
    1            *           6           *           *           *
    2            7           *           *           *           *
    3            *           *           *           *           *
    4            *           -           -           -           -
             - PARAMETER IS NOT ALLOWED FOR THIS MODEL
             * PARAMETER IS NOT SUPPLIED BY PK SUBROUTINE;
               WILL DEFAULT TO ONE IF APPLICABLE
0DATA ITEM INDICES USED BY PRED ARE:
   EVENT ID DATA ITEM IS DATA ITEM NO.:     18
   TIME DATA ITEM IS DATA ITEM NO.:          2
   DOSE AMOUNT DATA ITEM IS DATA ITEM NO.:   3
   DOSE RATE DATA ITEM IS DATA ITEM NO.:    17
   INTERVAL DATA ITEM IS DATA ITEM NO.:      7
   ADDL. DOSES DATA ITEM IS DATA ITEM NO.:   6
   COMPT. NO. DATA ITEM IS DATA ITEM NO.:   16

0PK SUBROUTINE CALLED WITH EVERY EVENT RECORD.
 PK SUBROUTINE NOT CALLED AT NONEVENT (ADDITIONAL OR LAGGED) DOSE TIMES.
0ERROR SUBROUTINE CALLED WITH EVERY EVENT RECORD.
0ERROR SUBROUTINE INDICATES THAT DERIVATIVES OF COMPARTMENT AMOUNTS ARE USED.
1


 #TBLN:      1
 #METH: First Order

 ESTIMATION STEP OMITTED:                 NO
 ANALYSIS TYPE:                           POPULATION
 NUMBER OF SADDLE POINT RESET ITERATIONS:      0
 GRADIENT METHOD USED:               NOSLOW
 EPS-ETA INTERACTION:                     NO
 NO. OF FUNCT. EVALS. ALLOWED:            9999
 NO. OF SIG. FIGURES REQUIRED:            3
 INTERMEDIATE PRINTOUT:                   YES
 ESTIMATE OUTPUT TO MSF:                  NO
 ABORT WITH PRED EXIT CODE 1:             NO
 IND. OBJ. FUNC. VALUES SORTED:           NO
 NUMERICAL DERIVATIVE
       FILE REQUEST (NUMDER):               NONE
 MAP (ETAHAT) ESTIMATION METHOD (OPTMAP):   0
 ETA HESSIAN EVALUATION METHOD (ETADER):    0
 INITIAL ETA FOR MAP ESTIMATION (MCETA):    0
 SIGDIGITS FOR MAP ESTIMATION (SIGLO):      100
 GRADIENT SIGDIGITS OF
       FIXED EFFECTS PARAMETERS (SIGL):     100
 NOPRIOR SETTING (NOPRIOR):                 OFF
 NOCOV SETTING (NOCOV):                     OFF
 DERCONT SETTING (DERCONT):                 OFF
 FINAL ETA RE-EVALUATION (FNLETA):          ON
 EXCLUDE NON-INFLUENTIAL (NON-INFL.) ETAS
       IN SHRINKAGE (ETASTYPE):             NO
 NON-INFL. ETA CORRECTION (NONINFETA):      OFF
 RAW OUTPUT FILE (FILE): 1_1.ext
 EXCLUDE TITLE (NOTITLE):                   NO
 EXCLUDE COLUMN LABELS (NOLABEL):           NO
 FORMAT FOR ADDITIONAL FILES (FORMAT):      S1PE12.5
 PARAMETER ORDER FOR OUTPUTS (ORDER):       TSOL
 WISHART PRIOR DF INTERPRETATION (WISHTYPE):0
 KNUTHSUMOFF:                               0
 INCLUDE LNTWOPI:                           NO
 INCLUDE CONSTANT TERM TO PRIOR (PRIORC):   NO
 INCLUDE CONSTANT TERM TO OMEGA (ETA) (OLNTWOPI):NO
 ADDITIONAL CONVERGENCE TEST (CTYPE=4)?:    NO
 EM OR BAYESIAN METHOD USED:                 NONE


 THE FOLLOWING LABELS ARE EQUIVALENT
 PRED=NPRED
 RES=NRES
 WRES=NWRES
 IWRS=NIWRES
 IPRD=NIPRED
 IRS=NIRES

 MONITORING OF SEARCH:


0ITERATION NO.:    0    OBJECTIVE VALUE:   461.662801339921        NO. OF FUNC. EVALS.:   8
 CUMULATIVE NO. OF FUNC. EVALS.:        8
 NPARAMETR:  5.0000E-01  1.0000E+01  1.0000E+02  1.0000E+03  5.0000E+01  5.0000E-01  1.0000E+00
 PARAMETER:  1.0000E-01  1.0000E-01  1.0000E-01  1.0000E-01  1.0000E-01  1.0000E-01  1.0000E-01
 GRADIENT:  -1.1271E+04 -9.2111E+01  8.8027E+01 -1.3676E+02 -1.1439E+02  3.2445E+02  6.6012E+01

0ITERATION NO.:   10    OBJECTIVE VALUE:  -732.057039297503        NO. OF FUNC. EVALS.:  98
 CUMULATIVE NO. OF FUNC. EVALS.:      106
 NPARAMETR:  1.9109E+00  2.5623E+02  7.4638E+01  1.5402E+03  1.2362E+03  1.6671E-01  3.6021E-01
 PARAMETER:  3.8218E-01  3.3435E+00 -1.9252E-01  5.3189E-01  3.3078E+00 -9.9835E-01 -9.2107E-01
 GRADIENT:   6.8326E+01 -7.4217E+01  9.0453E+00  7.6265E+01 -8.5372E+00  1.6472E+01  7.7215E+00

0ITERATION NO.:   20    OBJECTIVE VALUE:  -789.621189453021        NO. OF FUNC. EVALS.:  94
 CUMULATIVE NO. OF FUNC. EVALS.:      200
 NPARAMETR:  1.4179E+00  2.4602E+02  2.2922E+01  6.7244E+02  5.5591E+02  1.9348E-01  1.8983E-01
 PARAMETER:  2.8358E-01  3.3028E+00 -1.3731E+00 -2.9685E-01  2.5086E+00 -8.4946E-01 -1.5616E+00
 GRADIENT:   1.7631E+01  8.6183E+00  3.0442E+00 -9.2819E-01 -1.2019E+01 -5.2151E+00  7.7139E+00

0ITERATION NO.:   30    OBJECTIVE VALUE:  -790.897608792640        NO. OF FUNC. EVALS.: 103
 CUMULATIVE NO. OF FUNC. EVALS.:      303
 NPARAMETR:  1.3847E+00  2.5787E+02  2.8635E+01  7.4129E+02  7.0369E+02  2.1350E-01  1.9906E-01
 PARAMETER:  2.7694E-01  3.3499E+00 -1.1505E+00 -1.9936E-01  2.7443E+00 -7.5095E-01 -1.5142E+00
 GRADIENT:  -9.8693E-02  8.1395E-02  4.3543E-03 -1.1600E-01  6.9596E-02 -4.8303E-02 -6.1772E-02

 #TERM:
0MINIMIZATION SUCCESSFUL
 NO. OF FUNCTION EVALUATIONS USED:      303
 NO. OF SIG. DIGITS IN FINAL EST.:  3.5
  
 TOTAL DATA POINTS NORMALLY DISTRIBUTED (N):          344
 N*LOG(2PI) CONSTANT TO OBJECTIVE FUNCTION:    632.22971084481480     
 OBJECTIVE FUNCTION VALUE WITHOUT CONSTANT:   -790.89760879263986     
 OBJECTIVE FUNCTION VALUE WITH CONSTANT:      -158.66789794782505     
 REPORTED OBJECTIVE FUNCTION DOES NOT CONTAIN CONSTANT
  
 TOTAL EFFECTIVE ETAS (NIND*NETA):                             0
  
 #TERE:
 Elapsed estimation  time in seconds:     0.29
 Elapsed postprocess time in seconds:     0.02
1
 
 
 
 
 
 
 
 
 
 
 
 
 
 
 
 
 
 
 
 
 ************************************************************************************************************************
 ********************                                                                                ********************
 ********************                                   FIRST ORDER                                  ********************
 #OBJT:**************                       MINIMUM VALUE OF OBJECTIVE FUNCTION                      ********************
 ********************                                                                                ********************
 ************************************************************************************************************************
 





 #OBJV:********************************************     -790.898       **************************************************
1
 ************************************************************************************************************************
 ********************                                                                                ********************
 ********************                                   FIRST ORDER                                  ********************
 ********************                             FINAL PARAMETER ESTIMATE                           ********************
 ********************                                                                                ********************
 ************************************************************************************************************************
 


 THETA - VECTOR OF FIXED EFFECTS PARAMETERS   *********


         TH 1      TH 2      TH 3      TH 4      TH 5      TH 6      TH 7      TH 8     
 
         1.00E-04  1.38E+00  2.58E+02  2.86E+01  7.41E+02  7.04E+02  2.14E-01  1.99E-01
 


 OMEGA - COV MATRIX FOR RANDOM EFFECTS - ETAS  ********


         ETA1      ETA2      ETA3      ETA4      ETA5      ETA6     
 
 ETA1
+        0.00E+00
 
 ETA2
+        0.00E+00  0.00E+00
 
 ETA3
+        0.00E+00  0.00E+00  0.00E+00
 
 ETA4
+        0.00E+00  0.00E+00  0.00E+00  0.00E+00
 
 ETA5
+        0.00E+00  0.00E+00  0.00E+00  0.00E+00  0.00E+00
 
 ETA6
+        0.00E+00  0.00E+00  0.00E+00  0.00E+00  0.00E+00  0.00E+00
 


 SIGMA - COV MATRIX FOR RANDOM EFFECTS - EPSILONS  ****


         EPS1     
 
 EPS1
+        1.00E+00
 
1


 OMEGA - CORR MATRIX FOR RANDOM EFFECTS - ETAS  *******


         ETA1      ETA2      ETA3      ETA4      ETA5      ETA6     
 
 ETA1
+        0.00E+00
 
 ETA2
+        0.00E+00  0.00E+00
 
 ETA3
+        0.00E+00  0.00E+00  0.00E+00
 
 ETA4
+        0.00E+00  0.00E+00  0.00E+00  0.00E+00
 
 ETA5
+        0.00E+00  0.00E+00  0.00E+00  0.00E+00  0.00E+00
 
 ETA6
+        0.00E+00  0.00E+00  0.00E+00  0.00E+00  0.00E+00  0.00E+00
 


 SIGMA - CORR MATRIX FOR RANDOM EFFECTS - EPSILONS  ***


         EPS1     
 
 EPS1
+        1.00E+00
 
 Elapsed finaloutput time in seconds:     0.15
 #CPUT: Total CPU Time in Seconds,        0.516
Stop Time: 
2020-12-02 
오후 02:18
