Sun Nov 15 22:11:32 KST 2020
$PROB Mouse_liver_2comp
$INPUT ID TIME AMT DV MDV CMT ADDL II SPECIES DOSE ROUTE FORMULATION TAD BQL WT LVW
$DATA  ..//Plasma_individual2.csv IGNORE=@

$SUBROUTINE ADVAN6 TOL=3

$MODEL NCOMP=4
 COMP(DEPOT, DEFDOSE)
 COMP(LIV)
 COMP(CENT, DEFOBS)
 COMP(BILE)
$PK
 ;---- PK FIXED EFFECT ----

 ;Distribution
 TVCL = THETA(5)
 TVV3 = THETA(6)
 TVV4 = THETA(7)
 TVQ  = THETA(8)

 ;Absorption
 TVKA = THETA(9)
 TVF1 = THETA(10)
 TVCLbile = THETA(11)

 ;Scaling parameter
 TVKp = THETA(12)
 FA = THETA(13)

 ;Biliary excretion parameter
 Tbil = THETA(14)
 ;Physiological data
 TVV2 = LVW ; Liver weigth (mL)
 TVCLint = 5135 * WT / 1000 * 60 ; Intrinsic clearance (mL/hr)
 TVQH = 2.62 * 60 ; Hepatic blood flow (mL/hr)

 ;Mouse in vitro data
 BP = 1       ; assumed
 fu = 0.135

;---- PK RANDOM EFFECT ----
 CL   = TVCL * EXP(ETA(1))
 V2   = TVV2 * EXP(ETA(2))
 V3   = TVV3 * EXP(ETA(3))
 V4   = TVV4 * EXP(ETA(4))
 Q    = TVQ  * EXP(ETA(5))
 KA   = TVKA * EXP(ETA(6))
 CLint = TVCLint * EXP(ETA(7))
 F1 = TVF1 * EXP(ETA(8))
 QH = TVQH * EXP(ETA(9))
 Kp = TVKp * EXP(ETA(10))
 CLbile = TVCLbile * EXP(ETA(11))

;---- PK PARAMETER RELATIONSHIP ----
 S2   = V2
 S3   = V3
 K34  = Q/V3
 K43  = Q/V4

 T1 = 1 + Tbil
 T2 = 4 + Tbil
 T3 = 8 + Tbil

 BILE = 0

$DES


 IF(TIME.GT.1.AND.TIME.LT.T1) BILE = 1
 IF(TIME.GT.4.AND.TIME.LT.T2) BILE = 1
 IF(TIME.GT.8.AND.TIME.LT.T3) BILE = 1

 DADT(1) = - KA*A(1)
 DADT(2) = KA*A(1) - QH*A(2)/V2/Kp - CLint*A(2)/V2*fu + QH*A(3)/V3 - CLbile*A(2)/V2 + BILE * A(4)/Tbil
 DADT(3) = QH*A(2)/V2/Kp - QH*A(3)/V3
 ;DADT(4) = K34*A(3) - K43*A(4)
 DADT(4) = CLbile*A(4)/V2 - BILE * A(4)/Tbil

$ERROR
; dose : ng, concentration : ng/mL

 IF (CMT.EQ.2) THEN
 IPRED  = A(2)/V2
 W      = SQRT(THETA(1)**2 + THETA(2)**2 * IPRED**2)
 IRES   = DV - IPRED
 IWRES  = IRES / W
 Y      = IPRED + W * EPS(1)
 ENDIF

 IF (CMT.EQ.3) THEN
 IPRED  = A(3)/V3
 W      = SQRT(THETA(3)**2 + THETA(4)**2 * IPRED**2)
 IRES   = DV - IPRED
 IWRES  = IRES / W
 Y      = IPRED + W * EPS(2)
 ENDIF

$THETA
 ; Error model
 0.0001 FIX
 0.5

 0.0001 FIX
 0.5

 ;Distribution
 0 FIX   ; (5) CL (mL/hr)
 (0, 10)  ; (6) VC (mL)
 10 FIX   ; (7) VP (mL)
 0 FIX ; (8) Q (mL/hr)

 ; Absorption
 (0, 20) ; (9) KA (/h)
 1 FIX ; (10) F1
 (0, 1000) ; (11) TVCLbile

 ; Scaling parameter
 15 FIX ; (12) Kp
 1 FIX ; (13) FA

 ; Biliary PARAMETER
 0.5 FIX ; (14) Tbil

$OMEGA
 0 FIX
 0 FIX
 0 FIX
 0 FIX
 0 FIX
 0 FIX
 0 FIX
 0 FIX
 0 FIX
 0 FIX
 0 FIX

$SIGMA
 1 FIX
 1 FIX
$ESTIMATION NOABORT MAXEVAL=9999 METHOD=0 PRINT=10 SIGDIGITS=3

$TABLE ID TIME AMT CMT DV MDV IPRED CWRES IWRES  ONEHEADER NOPRINT  FILE = sdtab005

NM-TRAN MESSAGES
  
 WARNINGS AND ERRORS (IF ANY) FOR PROBLEM    1
             
 (WARNING  2) NM-TRAN INFERS THAT THE DATA ARE POPULATION.
             
 (WARNING  3) THERE MAY BE AN ERROR IN THE ABBREVIATED CODE. THE FOLLOWING
 ONE OR MORE RANDOM VARIABLES ARE DEFINED WITH "IF" STATEMENTS THAT DO NOT
 PROVIDE DEFINITIONS FOR BOTH THE "THEN" AND "ELSE" CASES. IF ALL
 CONDITIONS FAIL, THE VALUES OF THESE VARIABLES WILL BE ZERO.
  
   IPRED W IRES IWRES Y


0MINIMIZATION SUCCESSFUL
 NO. OF FUNCTION EVALUATIONS USED:      658
 NO. OF SIG. DIGITS IN FINAL EST.:  4.4
0PARAMETER ESTIMATE IS NEAR ITS BOUNDARY
 THIS MUST BE ADDRESSED BEFORE THE COVARIANCE STEP CAN BE IMPLEMENTED
  
 TOTAL DATA POINTS NORMALLY DISTRIBUTED (N):          306
 N*LOG(2PI) CONSTANT TO OBJECTIVE FUNCTION:    562.39038232125972     
 OBJECTIVE FUNCTION VALUE WITHOUT CONSTANT:    3750.3551503160988     
 OBJECTIVE FUNCTION VALUE WITH CONSTANT:       4312.7455326373583     
 REPORTED OBJECTIVE FUNCTION DOES NOT CONTAIN CONSTANT
  
 TOTAL EFFECTIVE ETAS (NIND*NETA):                             0
  
 #TERE:
 Elapsed estimation  time in seconds:   422.42
 Elapsed postprocess time in seconds:     0.95
1
 
 
 
 
 
 
 
 
 
 
 
 
 
 
 
 
 
 
 
 
 ************************************************************************************************************************
 ********************                                                                                ********************
 ********************                                   FIRST ORDER                                  ********************
 #OBJT:**************                       MINIMUM VALUE OF OBJECTIVE FUNCTION                      ********************
 ********************                                                                                ********************
 ************************************************************************************************************************
 





 #OBJV:********************************************     3750.355       **************************************************
1
 ************************************************************************************************************************
 ********************                                                                                ********************
 ********************                                   FIRST ORDER                                  ********************
 ********************                             FINAL PARAMETER ESTIMATE                           ********************
 ********************                                                                                ********************
 ************************************************************************************************************************
 


 THETA - VECTOR OF FIXED EFFECTS PARAMETERS   *********


         TH 1      TH 2      TH 3      TH 4      TH 5      TH 6      TH 7      TH 8      TH 9      TH10      TH11      TH12     
          TH13      TH14     
 
         1.00E-04  4.35E+03  1.00E-04  2.25E+02  0.00E+00  4.77E+02  1.00E+01  0.00E+00  6.63E+02  1.00E+00  1.00E+01  1.50E+01
          1.00E+00  5.00E-01
 


 OMEGA - COV MATRIX FOR RANDOM EFFECTS - ETAS  ********


         ETA1      ETA2      ETA3      ETA4      ETA5      ETA6      ETA7      ETA8      ETA9      ET10      ET11     
 
 ETA1
+        0.00E+00
 
 ETA2
+        0.00E+00  0.00E+00
 
 ETA3
+        0.00E+00  0.00E+00  0.00E+00
 
 ETA4
+        0.00E+00  0.00E+00  0.00E+00  0.00E+00
 
 ETA5
+        0.00E+00  0.00E+00  0.00E+00  0.00E+00  0.00E+00
 
 ETA6
+        0.00E+00  0.00E+00  0.00E+00  0.00E+00  0.00E+00  0.00E+00
 
 ETA7
+        0.00E+00  0.00E+00  0.00E+00  0.00E+00  0.00E+00  0.00E+00  0.00E+00
 
 ETA8
+        0.00E+00  0.00E+00  0.00E+00  0.00E+00  0.00E+00  0.00E+00  0.00E+00  0.00E+00
 
 ETA9
+        0.00E+00  0.00E+00  0.00E+00  0.00E+00  0.00E+00  0.00E+00  0.00E+00  0.00E+00  0.00E+00
 
 ET10
+        0.00E+00  0.00E+00  0.00E+00  0.00E+00  0.00E+00  0.00E+00  0.00E+00  0.00E+00  0.00E+00  0.00E+00
 
 ET11
+        0.00E+00  0.00E+00  0.00E+00  0.00E+00  0.00E+00  0.00E+00  0.00E+00  0.00E+00  0.00E+00  0.00E+00  0.00E+00
 


 SIGMA - COV MATRIX FOR RANDOM EFFECTS - EPSILONS  ****


         EPS1      EPS2     
 
 EPS1
+        1.00E+00
 
 EPS2
+        0.00E+00  1.00E+00
 
1


 OMEGA - CORR MATRIX FOR RANDOM EFFECTS - ETAS  *******


         ETA1      ETA2      ETA3      ETA4      ETA5      ETA6      ETA7      ETA8      ETA9      ET10      ET11     
 
 ETA1
+        0.00E+00
 
 ETA2
+        0.00E+00  0.00E+00
 
 ETA3
+        0.00E+00  0.00E+00  0.00E+00
 
 ETA4
+        0.00E+00  0.00E+00  0.00E+00  0.00E+00
 
 ETA5
+        0.00E+00  0.00E+00  0.00E+00  0.00E+00  0.00E+00
 
 ETA6
+        0.00E+00  0.00E+00  0.00E+00  0.00E+00  0.00E+00  0.00E+00
 
 ETA7
+        0.00E+00  0.00E+00  0.00E+00  0.00E+00  0.00E+00  0.00E+00  0.00E+00
 
 ETA8
+        0.00E+00  0.00E+00  0.00E+00  0.00E+00  0.00E+00  0.00E+00  0.00E+00  0.00E+00
 
 ETA9
+        0.00E+00  0.00E+00  0.00E+00  0.00E+00  0.00E+00  0.00E+00  0.00E+00  0.00E+00  0.00E+00
 
 ET10
+        0.00E+00  0.00E+00  0.00E+00  0.00E+00  0.00E+00  0.00E+00  0.00E+00  0.00E+00  0.00E+00  0.00E+00
 
 ET11
+        0.00E+00  0.00E+00  0.00E+00  0.00E+00  0.00E+00  0.00E+00  0.00E+00  0.00E+00  0.00E+00  0.00E+00  0.00E+00
 


 SIGMA - CORR MATRIX FOR RANDOM EFFECTS - EPSILONS  ***


         EPS1      EPS2     
 
 EPS1
+        1.00E+00
 
 EPS2
+        0.00E+00  1.00E+00
 
 Elapsed finaloutput time in seconds:     0.02
1THERE ARE ERROR MESSAGES IN FILE PRDERR                                                                  
 #CPUT: Total CPU Time in Seconds,      422.835
Stop Time:
Sun Nov 15 22:18:39 KST 2020
